format=S

Rug
{
red-grey
{
rug=$item_rug1_1=0AA9
rug=$item_rug1_2=0AAA
rug=$item_rug1_3=0AAB
rug=$item_rug1_4=0AAC
rug=$item_rug1_5=0AAD
rug=$item_rug1_6=0AAE
rug=$item_rug1_7=0AAF
rug=$item_rug1_8=0AB0
rug=$item_rug1_9=0AB1
rug=$item_rug1_10=0AB2
}
green-grey
{
rug=$item_rug2_1=0AB3
rug=$item_rug2_2=0AB4
rug=$item_rug2_3=0AB5
rug=$item_rug2_4=0AB6
rug=$item_rug2_5=0AB7
rug=$item_rug2_6=0AB8
rug=$item_rug2_7=0AB9
rug=$item_rug2_8=0ABA
rug=$item_rug2_9=0ABB
rug=$item_rug2_10=0ABC
}
ruined, red-grey
{
ruined rug=$item_rug_ruined_red_1=1dd3
ruined rug=$item_rug_ruined_red_2=1dd4
ruined rug=$item_rug_ruined_red_3=1dd5
ruined rug=$item_rug_ruined_red_4=1dd6
ruined rug=$item_rug_ruined_red_5=1dd7
ruined rug=$item_rug_ruined_red_6=1dd8
ruined rug=$item_rug_ruined_red_7=1dd9
ruined rug=$item_rug_ruined_red_8=ddaa
ruined rug=$item_rug_ruined_red_9=ddbb
ruined rug=$item_rug_ruined_red_10=ddcc
ruined rug=$item_rug_ruined_red_11=dddd
ruined rug=$item_rug_ruined_red_12=ddee
ruined rug=$item_rug_ruined_red_13=ddff
ruined rug=$item_rug_ruined_red_14=1de0
}
ruined, green-grey
{
ruined rug=$item_rug_ruined_green_1=1de1
ruined rug=$item_rug_ruined_green_2=1de2
ruined rug=$item_rug_ruined_green_3=1de3
ruined rug=$item_rug_ruined_green_4=1de4
ruined rug=$item_rug_ruined_green_5=1de5
ruined rug=$item_rug_ruined_green_6=1de6
ruined rug=$item_rug_ruined_green_7=1de7
ruined rug=$item_rug_ruined_green_8=1de8
ruined rug=$item_rug_ruined_green_9=1de9
ruined rug=$item_rug_ruined_green_10=deaa
ruined rug=$item_rug_ruined_green_11=debb
ruined rug=$item_rug_ruined_green_12=decc
ruined rug=$item_rug_ruined_green_13=dedd
ruined rug=$item_rug_ruined_green_14=deee
}
ruined, grey
{
ruined rug=$item_rug_ruined_grey_1=1def
ruined rug=$item_rug_ruined_grey_2=1df0
ruined rug=$item_rug_ruined_grey_3=1df1
ruined rug=$item_rug_ruined_grey_4=1df2
ruined rug=$item_rug_ruined_grey_5=1df3
ruined rug=$item_rug_ruined_grey_6=1df4
ruined rug=$item_rug_ruined_grey_7=1df5
ruined rug=$item_rug_ruined_grey_8=1df6
ruined rug=$item_rug_ruined_grey_9=1df7
ruined rug=$item_rug_ruined_grey_10=1df8
ruined rug=$item_rug_ruined_grey_11=1df9
ruined rug=$item_rug_ruined_grey_12=1dfa
ruined rug=$item_rug_ruined_grey_13=1dfb
ruined rug=$item_rug_ruined_grey_14=1dfc
}
}
Carpet
{
grey
{
ruined rug=$item_carpet_grey_1=1098
ruined rug=$item_carpet_grey_2=1099
ruined rug=$item_carpet_grey_3=109a
ruined rug=$item_carpet_grey_4=109b
ruined rug=$item_carpet_grey_5=109c
ruined rug=$item_carpet_grey_6=109d
ruined rug=$item_carpet_grey_7=109e
ruined rug=$item_carpet_grey_8=109f
ruined rug=$item_carpet_grey_9=10a0
ruined rug=$item_carpet_grey_10=10a1
ruined rug=$item_carpet_grey_11=10a2
ruined rug=$item_carpet_grey_12=10a3
}
blue-gold
{
carpet=$item_carpet1_1=0ABD
carpet=$item_carpet1_2=0ABE
carpet=$item_carpet1_3=0ABF
carpet=$item_carpet1_4=0AC0
carpet=$item_carpet1_5=0AC1
carpet=$item_carpet1_6=0AC2
carpet=$item_carpet1_7=0AC3
carpet=$item_carpet1_8=0AC4
carpet=$item_carpet1_9=0AC5
carpet=$item_carpet1_10=0AF6
carpet=$item_carpet1_11=0AF7
carpet=$item_carpet1_12=0AF8
carpet=$item_carpet1_13=0AF9
}
red-gold
{
carpet=$item_carpet2_1=0AC6
carpet=$item_carpet2_2=0AC7
carpet=$item_carpet2_3=0AC8
carpet=$item_carpet2_4=0AC9
carpet=$item_carpet2_5=0ACA
carpet=$item_carpet2_6=0ACB
carpet=$item_carpet2_7=0ACC
carpet=$item_carpet2_8=0ACD
carpet=$item_carpet2_9=0ACE
carpet=$item_carpet2_10=0ACF
carpet=$item_carpet2_11=0AD0
}
darkblue-gold
{
carpet=$item_carpet3_1=0AD1
carpet=$item_carpet3_2=0AD2
carpet=$item_carpet3_3=0AD3
carpet=$item_carpet3_4=0AD4
carpet=$item_carpet3_5=0AD5
carpet=$item_carpet3_6=0AD6
carpet=$item_carpet3_7=0AD7
carpet=$item_carpet3_8=0AD8
carpet=$item_carpet3_9=0AD9
}
brown-gold
{
carpet=$item_carpet4_1=0ADA
carpet=$item_carpet4_2=0ADB
carpet=$item_carpet4_3=0ADC
carpet=$item_carpet4_4=0ADD
carpet=$item_carpet4_5=0ADE
carpet=$item_carpet4_6=0ADF
carpet=$item_carpet4_7=0AE0
carpet=$item_carpet4_8=0AE1
carpet=$item_carpet4_9=0AE2
}
Brown-Blue-Red
{
carpet=$item_carpet5_1=0AE3
carpet=$item_carpet5_2=0AE4
carpet=$item_carpet5_3=0AE5
carpet=$item_carpet5_4=0AE6
carpet=$item_carpet5_5=0AE7
carpet=$item_carpet5_6=0AE8
carpet=$item_carpet5_7=0AE9
carpet=$item_carpet5_8=0AEA
carpet=$item_carpet5_9=0AEB
carpet=$item_carpet6_1=0AEC
carpet=$item_carpet6_2=0AED
carpet=$item_carpet6_3=0AEE
carpet=$item_carpet6_4=0AEF
carpet=$item_carpet6_5=0AF0
carpet=$item_carpet6_6=0AF1
carpet=$item_carpet6_7=0AF2
carpet=$item_carpet6_8=0AF3
carpet=$item_carpet6_9=0AF4
carpet=$item_carpet6_10=0AF5
carpet=$item_carpet6_11=0AFA
}
}
Special
{
Brown Bear
{
bearskin rug=0x1e 0x36=0x1e36
bearskin rug=0x1e 0x37=0x1e37
bearskin rug=0x1e 0x38=0x1e38
bearskin rug=0x1e 0x39=0x1e39
bearskin rug=0x1e 0x3a=0x1e3a
bearskin rug=0x1e 0x3b=0x1e3b
bearskin rug=0x1e 0x3c=0x1e3c
bearskin rug=0x1e 0x3d=0x1e3d
bearskin rug=0x1e 0x3e=0x1e3e
bearskin rug=0x1e 0x40=0x1e40
bearskin rug=0x1e 0x41=0x1e41
bearskin rug=0x1e 0x42=0x1e42
bearskin rug=0x1e 0x43=0x1e43
bearskin rug=0x1e 0x44=0x1e44
bearskin rug=0x1e 0x45=0x1e45
bearskin rug=0x1e 0x46=0x1e46
bearskin rug=0x1e 0x47=0x1e47
bearskin rug=0x1e 0x48=0x1e48
}
polar bear
{
bearskin rug=0x1e 0x49=0x1e49
bearskin rug=0x1e 0x4a=0x1e4a
bearskin rug=0x1e 0x4b=0x1e4b
bearskin rug=0x1e 0x4c=0x1e4c
bearskin rug=0x1e 0x4d=0x1e4d
bearskin rug=0x1e 0x4e=0x1e4e
bearskin rug=0x1e 0x4f=0x1e4f
bearskin rug=0x1e 0x50=0x1e50
bearskin rug=0x1e 0x51=0x1e51
bearskin rug=0x1e 0x53=0x1e53
bearskin rug=0x1e 0x54=0x1e54
bearskin rug=0x1e 0x55=0x1e55
bearskin rug=0x1e 0x56=0x1e56
bearskin rug=0x1e 0x57=0x1e57
bearskin rug=0x1e 0x58=0x1e58
bearskin rug=0x1e 0x59=0x1e59
bearskin rug=0x1e 0x5a=0x1e5a
bearskin rug=0x1e 0x5b=0x1e5b
}
grass mat=0x11 0xe2=0x11e2
grass mat=0x11 0xe3=0x11e3
grass mat=0x11 0xe4=0x11e4
grass mat=0x11 0xe5=0x11e5
woven mat=0x11 0xe6=0x11e6
woven mat=0x11 0xe7=0x11e7
woven mat=0x11 0xe8=0x11e8
woven mat=0x11 0xe9=0x11e9
furs=0x11 0xf4=0x11f4
furs=0x11 0xf5=0x11f5
furs=0x11 0xf6=0x11f6
furs=0x11 0xf7=0x11f7
furs=0x11 0xf8=0x11f8
furs=0x11 0xf9=0x11f9
furs=0x11 0xfa=0x11fa
furs=0x11 0xfb=0x11fb
fur=0x1f 0x73=0x1f73
fur=0x1f 0x74=0x1f74
fur=0x1f 0x75=0x1f75
fur=0x1f 0x76=0x1f76
fur=0x1f 0x77=0x1f77
fur=0x1f 0x78=0x1f78
fur=0x1f 0x79=0x1f79
fur=0x1f 0x7a=0x1f7a
}