format=S

Blue Tiles
{
tiles floor=item_floor_1=0491
tiles floor=item_floor_2=0492
tiles floor=item_floor_3=0493
tiles floor=item_floor_4=0494
tiles floor=item_floor_5=049B
tiles floor=$item_tiles_floor_1=04EA
tiles floor=$item_tiles_floor_2=04EB
tiles floor=$item_tiles_floor_3=04EC
tiles floor=$item_tiles_floor_4=04ED
tiles floor=$item_tiles_floor_5=04EE
tiles floor=$item_tiles_floor_6=04EF
tiles floor=$item_tiles_floor_7=04F0
tiles floor=$item_tiles_floor_8=04F1
tiles floor=$item_tiles_floor_9=04F2
}
Grey Tiles
{
tiles floor=item_floor_6=049C
}
Red Tiles
{
tiles floor=$item_tiles_floor_10=04F3
tiles floor=$item_tiles_floor_11=04F4
tiles floor=$item_tiles_floor_12=04F5
tiles floor=$item_tiles_floor_13=04F6
tiles floor=$item_tiles_floor_14=04F7
tiles floor=$item_tiles_floor_15=04F8
tiles floor=$item_tiles_floor_16=04F9
tiles floor=$item_tiles_floor_17=04FA
tiles floor=$item_tiles_floor_18=04FB
}
Marble
{
marble floor=$item_marble_floor_1=0495
marble floor=$item_marble_floor_2=0496
marble floor=$item_marble_floor_3=0497
marble floor=$item_marble_floor_4=0498
marble floor=$item_marble_floor_5=050D
marble floor=$item_marble_floor_6=050E
marble floor=$item_marble_floor_7=050F
marble floor=$item_marble_floor_8=0510
marble floor=$item_marble_floor_9=0511
marble floor=$item_marble_floor_10=0512
marble floor=$item_marble_floor_11=0513
marble floor=$item_marble_floor_12=0514
}
Sandstone
{
flagstones floor=$item_flagstones_floor_5=0500
flagstones floor=$item_flagstones_floor_6=0501
flagstones floor=$item_flagstones_floor_7=0502
flagstones floor=$item_flagstones_floor_8=0503
sandstone floor=$item_sandstone_floor_1=049D
sandstone floor=$item_sandstone_floor_2=049E
sandstone floor=$item_sandstone_floor_3=049F
sandstone floor=$item_sandstone_floor_4=04A0
sandstone floor=$item_sandstone_floor_5=0525
sandstone floor=$item_sandstone_floor_6=0526
sandstone floor=$item_sandstone_floor_7=0527
sandstone floor=$item_sandstone_floor_8=0528
sandstone floor=$item_sandstone_floor_9=0529
sandstone floor=$item_sandstone_floor_10=052A
sandstone floor=$item_sandstone_floor_11=052B
sandstone floor=$item_sandstone_floor_12=052C
sandstone floor=$item_sandstone_floor_13=052F
sandstone floor=$item_sandstone_floor_14=0530
sandstone floor=$item_sandstone_floor_15=0531
sandstone floor=$item_sandstone_floor_16=0532
sandstone floor=$item_sandstone_floor_17=0533
sandstone floor=$item_sandstone_floor_18=0534
sandstone floor=$item_sandstone_floor_19=0535
sandstone floor=$item_sandstone_floor_20=0536
}
Planks
{
planks floor=$item_planks_floor_1=04A1
planks floor=$item_planks_floor_2=04A2
planks floor=$item_planks_floor_3=04A3
planks floor=$item_planks_floor_4=04A4
planks floor=$item_planks_floor_5=04C6
planks floor=$item_planks_floor_6=04C7
planks floor=$item_planks_floor_7=04C8
planks floor=$item_planks_floor_8=04C9
planks floor=$item_planks_floor_9=04CA
planks floor=$item_planks_floor_10=04CB
planks floor=$item_planks_floor_11=04CC
planks floor=$item_planks_floor_12=04CD
planks floor=$item_planks_floor_13=04CE
planks floor=$item_planks_floor_14=04CF
planks floor=$item_planks_floor_15=04D0
planks floor=$item_planks_floor_16=04D1
planks floor=$item_planks_floor_17=04D2
planks floor=$item_planks_floor_18=04D3
planks floor=$item_planks_floor_19=04D4
planks floor=$item_planks_floor_20=04D5
planks floor=$item_planks_floor_21=04D6
planks floor=$item_planks_floor_22=04D7
planks floor=$item_planks_floor_23=04D8
planks floor=$item_planks_floor_24=04D9
planks floor=$item_planks_floor_25=04DA
planks floor=$item_planks_floor_26=04DB
planks floor=$item_planks_floor_27=04DC
planks floor=$item_planks_floor_28=04DD
planks floor=$item_planks_floor_29=04DE
planks floor=$item_planks_floor_30=04DF
planks floor=$item_planks_floor_31=04E0
planks floor=$item_planks_floor_32=04E1
}
Boards
{
boards floor=$item_boards_floor_1=04A5
boards floor=$item_boards_floor_2=04A6
boards floor=$item_boards_floor_3=04A7
boards floor=$item_boards_floor_4=04A8
boards floor=$item_boards_floor_5=04A9
boards floor=$item_boards_floor_6=04AA
boards floor=$item_boards_floor_7=04AB
boards floor=$item_boards_floor_8=04AC
boards floor=$item_boards_floor_9=04AD
boards floor=$item_boards_floor_10=04AE
boards floor=$item_boards_floor_11=04AF
boards floor=$item_boards_floor_12=04B0
boards floor=$item_boards_floor_13=04B1
boards floor=$item_boards_floor_14=04B2
boards floor=$item_boards_floor_15=04B3
boards floor=$item_boards_floor_16=04B4
boards floor=$item_boards_floor_17=04B5
boards floor=$item_boards_floor_18=04B6
boards floor=$item_boards_floor_19=04B7
boards floor=$item_boards_floor_20=04B8
boards floor=$item_boards_floor_21=04B9
boards floor=$item_boards_floor_22=04BA
boards floor=$item_boards_floor_23=04BB
boards floor=$item_boards_floor_24=04BC
boards floor=$item_boards_floor_25=04BD
boards floor=$item_boards_floor_26=04BE
boards floor=$item_boards_floor_27=04BF
boards floor=$item_boards_floor_28=04C0
}
Logs
{
logs floor=$item_logs_floor_1=04C1
logs floor=$item_logs_floor_2=04C2
logs floor=$item_logs_floor_3=04C3
logs floor=$item_logs_floor_4=04C4
logs floor=$item_logs_floor_5=04C5
logs floor=$item_logs_floor_6=0504
logs floor=$item_logs_floor_7=0505
logs floor=$item_logs_floor_8=0506
logs floor=$item_logs_floor_9=0507
logs floor=$item_logs_floor_10=0508
logs floor=$item_logs_floor_11=0509
logs floor=$item_logs_floor_12=050A
logs floor=$item_logs_floor_13=050B
logs floor=$item_logs_floor_14=050C
}
Bricks
{
bricks floor=$item_bricks_floor_1=04E2
bricks floor=$item_bricks_floor_2=04E3
bricks floor=$item_bricks_floor_3=04E4
bricks floor=$item_bricks_floor_4=04E5
bricks floor=$item_bricks_floor_5=04E6
bricks floor=$item_bricks_floor_6=04E7
bricks floor=$item_bricks_floor_7=04E8
bricks floor=$item_bricks_floor_8=04E9
bricks floor=$item_bricks_floor_9=0537
bricks floor=$item_bricks_floor_10=0538
bricks floor=$item_bricks_floor_11=0539
bricks floor=$item_bricks_floor_12=053A
}
Flagstone
{
flagstones floor=$item_flagstones_floor_1=04FC
flagstones floor=$item_flagstones_floor_2=04FD
flagstones floor=$item_flagstones_floor_3=04FE
flagstones floor=$item_flagstones_floor_4=04FF
flagstones floor=$item_flagstones_floor_5=0500
flagstones floor=$item_flagstones_floor_6=0501
flagstones floor=$item_flagstones_floor_7=0502
flagstones floor=$item_flagstones_floor_8=0503
}
Cobblestone
{
cobblestones floor=$item_cobblestones_floor_1=0515
cobblestones floor=$item_cobblestones_floor_2=0516
cobblestones floor=$item_cobblestones_floor_3=0517
cobblestones floor=$item_cobblestones_floor_4=0518
}
Stone
{
stone floor=$item_stone_floor_1=0519
stone floor=$item_stone_floor_2=051A
stone floor=$item_stone_floor_3=051B
stone floor=$item_stone_floor_4=051C
stone floor=$item_stone_floor_5=051D
stone floor=$item_stone_floor_6=051E
stone floor=$item_stone_floor_7=051F
stone floor=$item_stone_floor_8=0520
stone floor=$item_stone_floor_9=0521
stone floor=$item_stone_floor_10=0522
stone floor=$item_stone_floor_11=0523
stone floor=$item_stone_floor_12=0524
}
Cave
{
cave floor=$item_cave_floor_1=053B
cave floor=$item_cave_floor_2=053C
cave floor=$item_cave_floor_3=053D
cave floor=$item_cave_floor_4=053E
cave floor=$item_cave_floor_5=053F
cave floor=$item_cave_floor_6=0540
cave floor=$item_cave_floor_7=0541
cave floor=$item_cave_floor_8=0542
cave floor=$item_cave_floor_9=0543
cave floor=$item_cave_floor_10=0544
cave floor=$item_cave_floor_11=0545
cave floor=$item_cave_floor_12=0546
cave floor=$item_cave_floor_13=0547
cave floor=$item_cave_floor_14=0548
cave floor=$item_cave_floor_15=0549
cave floor=$item_cave_floor_16=054A
cave floor=$item_cave_floor_17=054B
cave floor=$item_cave_floor_18=054C
cave floor=$item_cave_floor_19=054D
cave floor=$item_cave_floor_20=054E
cave floor=$item_cave_floor_21=054F
cave floor=$item_cave_floor_22=0551
cave floor=$item_cave_floor_23=0552
cave floor=$item_cave_floor_24=0553
cave floor=$item_stone_roof_23=056A
}
Alchemical Symbol
{
alchemical floor=$item_alchemical_floor_1=181D
alchemical floor=$item_alchemical_floor_2=181E
alchemical floor=$item_alchemical_floor_3=181F
alchemical floor=$item_alchemical_floor_4=1820
alchemical floor=$item_alchemical_floor_5=1821
alchemical floor=$item_alchemical_floor_6=1822
alchemical floor=$item_alchemical_floor_7=1823
alchemical floor=$item_alchemical_floor_8=1824
alchemical floor=$item_alchemical_floor_9=1825
alchemical floor=$item_alchemical_floor_10=1826
alchemical floor=$item_alchemical_floor_11=1827
alchemical floor=$item_alchemical_floor_12=1828
}