format=S
//This are non-coloured furnitures as in Inside UO, they are not part of the Nox-carpenter-System!

Tables/Desks
{
counter=$item_basfur_counter1_1=0B3F
counter=$item_basfur_counter2_1=0B40
writing desk=$item_basfur_writing_desk_1=0B4a
Table
{
table 1=$item_basfur_table_A1_1=0B6E
table 1=$item_basfur_table_A2_1=0B82
table 2=$item_basfur_table_B1_1=0B70
table 2=$item_basfur_table_B1_2=0B71
table 2=$item_basfur_table_B1_3=0B72
table 2=$item_basfur_table_B1_4=0B73
table 2=$item_basfur_table_B1_5=0B74
table 3=$item_basfur_table_C1_1=0B75
table 3=$item_basfur_table_C1_2=0B76
table 4=$item_basfur_table_D1_1=0B77
table 4=$item_basfur_table_D1_2=0B78
table 4=$item_basfur_table_D1_3=0B79
table 4=$item_basfur_table_D1_4=0B7A
table 4=$item_basfur_table_D1_5=0B7B
Table 5=$item_basfur_table_E1=0B7C
table 5=$item_basfur_table_E2=0B8F
table 6=$item_basfur_table_G1_1=0B34
table 6=$item_basfur_table_G1_2=0B37
table 7=$item_basfur_table_H1_1=0B6B
table 7=$item_basfur_table_H1_2=0B6D
table 7=$item_basfur_table_H1_3=0B6C
table purple 1=$item_basfur_table_I=118b
table purple 2=$item_basfur_table_J=118c
table red 1=$item_basfur_table_K=118d
table=red 2$item_basfur_table_L=118e
table blue=$item_basfur_table_M1_1=118f
table blue=$item_basfur_table_M1_2=1190
}
}
Stool/Bench
{
stool=$item_basfur_stool1=0A2A
simple bench=$item_basfur_bench_A1_1=0B5F
simple bench=$item_basfur_bench_A1_2=0B61
simple bench=$item_basfur_bench_A1_3=0B60
bench=$item_basfur_bench_B1_1=0B62
bench=$item_basfur_bench_B1_2=0B64
bench=$item_basfur_bench_B1_3=0B63
church bench=$item_basfur_bench_C1_1=0B92
church bench=$item_basfur_bench_C1_2=0B91
small bench=$item_basfur_wooden_bench_D1=0B2C
}
Chair/Throne
{
throne=$item_basfur_throne_1=0B32
raw wooden chair=$item_basfur_wooden_chair1_1=0B2E
plain wooden chair=$item_basfur_wooden_chair2_1=0B56
fancy cloth chair=$item_basfur_fancy_chair1_1=0B4E
cloth chair=$item_basfur_fancy_chair2_1=0B52
straw chair=$item_basfur_straw_chair1_1=0B5A
}
Container
{
chest of drawers=$item_basfur_chest_of_drawers1_1=0A2C
fancy chest of drawers=$item_basfur_chest_of_drawers2_2=0A30
bookcase=$item_basfur_bookcase1_1=0A97
bookcase=$item_basfur_bookcase2_1=0A98
bookcase=$item_basfur_bookcase3_1=0A9B
empty bookcase=$item_basfur_wooden_shelf_1=0A9D
dresser=$item_basfur_dresser1_2=0a3c
dresser=$item_basfur_dresser1_1=0a3d
fancy armorie=$item_basfur_armoire1_1=0A4D
armoire=$item_basfur_armoire2_1=0A4F
large wooden crate=$item_large_wooden_crate1=0e3d
medium wooden crate=$item_medium_wooden_crate1=0E3E
small wooden crate=$item_small_wooden_crate=0E7E
wooden chest=$item_wooden_chest1=0E42
tub=$item_tub=0E83
open barrel=$item_barrel_without_lid=0E77
closed barrel=$item_barrel_with_lid=0fae
a barrel lid=$item_barrel_lid=1db8
wooden keg=$item_open_wooden_keg=0E7F
wooden keg=$item_$item_wooden_keg1_2=1ad6
bucket=$item_bucket=14e0
}
Beds
{
Small Bed
{
small bed headboard 1=$item_basfur_bed_headboard_A1_1=0a5d
small bed headboard 1=$item_basfur_bed_headboard_A1_2=0a69
small bed headboard 1=$item_basfur_bed_headboard_A1_3=0a6a
small bed headboard 1=$item_basfur_bed_headboard_A1_4=0a60
small bed feet 1=$item_basfur_bed_feet_A1_1=0a62
small bed feet 1=$item_basfur_bed_feet_A1_2=0a6b
small bed feet 1=$item_basfur_bed_feet_A1_3=0a61
small bed headboard 2=$item_basfur_bed_headboard_A2_1=0a63
small bed headboard 2=$item_basfur_bed_headboard_A2_2=0a66
small bed headboard 2=$item_basfur_bed_headboard_A2_3=0a67
small bed headboard 2=$item_basfur_bed_headboard_A2_4=0a5e
small bed feet 2=$item_basfur_bed_feet_A2_1=0a5c
small bed feet 2=$item_basfur_bed_feet_A2_2=0a68
small bed feet 2=$item_basfur_bed_feet_A2_3=0a5f
}
Big Bed
{
bed headleft 1=$item_basfur_bigbed_headleft_A1_1=0a70
bed headleft 1=$item_basfur_bigbed_headleft_A1_2=0a84
bed headleft 1=$item_basfur_bigbed_headleft_A1_3=0a7a
bed headleft 1=$item_basfur_bigbed_headleft_A1_4=0a7c
bed headleft 1=$item_basfur_bigbed_headleft_A1_5=0a90
bed headleft 1=$item_basfur_bigbed_headleft_A1_6=0a8e
bed feetleft 1=$item_basfur_bigbed_feetleft_A1_1=0a71
bed feetleft 1=$item_basfur_bigbed_feetleft_A1_2=0a86
bed feetleft 1=$item_basfur_bigbed_feetleft_A1_3=0a78
bed feetleft 1=$item_basfur_bigbed_feetleft_A1_4=0a8c
bed feetright 1=$item_basfur_bigbed_feetright_A1_1=0a72
bed feetright 1=$item_basfur_bigbed_feetright_A1_2=0a87
bed feetright 1=$item_basfur_bigbed_feetright_A1_3=0a79
bed feetright 1=$item_basfur_bigbed_feetright_A1_4=0a8d
bed headright 1=$item_basfur_bigbed_headright_A1_1=0a73
bed headright 1=$item_basfur_bigbed_headright_A1_2=0a85
bed headright 1=$item_basfur_bigbed_headright_A1_3=0a7b
bed headright 1=$item_basfur_bigbed_headright_A1_4=0a7d
bed headright 1=$item_basfur_bigbed_headright_A1_5=0a91
bed headright 1=$item_basfur_bigbed_headright_A1_6=0a8f
bed headleft 2=$item_basfur_bigbed_headleft_A2_1=0a77
bed headleft 2=$item_basfur_bigbed_headleft_A2_2=0a89
bed headleft 2=$item_basfur_bigbed_headleft_A2_3=0a80
bed headleft 2=$item_basfur_bigbed_headleft_A2_4=0a83
bed headleft 2=$item_basfur_bigbed_headleft_A2_5=0db3
bed headleft 2=$item_basfur_bigbed_headleft_A2_6=0db5
bed feetleft 2=$item_basfur_bigbed_feetleft_A2_1=0a76
bed feetleft 2=$item_basfur_bigbed_feetleft_A2_2=0a8b
bed feetleft 2=$item_basfur_bigbed_feetleft_A2_3=0a7f
bed feetleft 2=$item_basfur_bigbed_feetleft_A2_4=0db1
bed feetright 2=$item_basfur_bigbed_feetright_A2_1=0a71
bed feetright 2=$item_basfur_bigbed_feetright_A2_2=0a8a
bed feetright 2=$item_basfur_bigbed_feetright_A2_3=0a7e
bed feetright 2=$item_basfur_bigbed_feetright_A2_4=0db0
bed headright 2=$item_basfur_bigbed_headright_A2_1=0a74
bed headright 2=$item_basfur_bigbed_headright_A2_2=0a88
bed headright 2=$item_basfur_bigbed_headright_A2_3=0a81
bed headright 2=$item_basfur_bigbed_headright_A2_4=0a82
bed headright 2=$item_basfur_bigbed_headright_A2_5=0db2
bed headright 2=$item_basfur_bigbed_headright_A2_6=0db4
}
Deeds
{
small bed facing south deed=$item_basfur_bed_2deed=14F0
small bed facing east deed=$item_basfur_bed_1deed=14F0
bed-east deed=$item_basfur_bed-east_deed=14F0
Bed-south Deed=$item_basfur_bed-south_deed=14F0
}
}
Display Case
{
display case_border=$item_display_case_border_1=0A9F
display case_border=$item_display_case_border_3=0AA1
display case_border=$item_display_case_border_5=0AA3
display case_border=$item_display_case_border_7=0AA5
display case_border=$item_display_case_border_9=0Afd
display case_border=$item_display_case_border_10=0Afe
display case_border=$item_display_case_border_11=0Aff
display case_border=$item_display_case_border_15=0b0b
display case=$item_display_case_1=0B00
display case=$item_display_case_2=0B01
display case=$item_display_case_3=0B02
display case=$item_display_case_7=0B09
display case=$item_display_case_9=0B0d
display case=$item_display_case_11=0B0f
display case=$item_display_case_12=0B10
display case=$item_display_case_16=0B14
display case=$item_display_case_18=0B16
}
Barbaric & Stone
{
straw pillow=$item_straw_pillow1_1=11ea
grass mat=$item_grass_mat1_1=11e2
grass mat=$item_grass_mat2_1=11e3
marble bench=$item_marble_bench_A1=0459
marble bench=$item_marble_bench_B1_1=1DCD
marble bench=$item_marble_bench_B1_2=1DCE
marble bench=$item_marble_bench_B1_3=1DCF
sandstone bench=$item_sandstone_bench_A1=045B
sandstone bench=$item_sandstone_bench_B1_1=1DC7
sandstone bench=$item_sandstone_bench_B1_2=1DC8
sandstone bench=$item_sandstone_bench_B1_3=1DC9
stone chair=$item_stone_chair=1218
stone table1A=$item_stone_table1A_1=1201
stone table1B=$item_stone_table1B_1=1202
stone table1C=$item_stone_table1C_1=1203
stone bench1A=$item_stone_bench1A_1=1207
stone bench1B=$item_stone_bench1B_1=1208
stone bench1C=$item_stone_bench1C_1=1209
}