format=S

Drinks
{
bottle of pink champaine=$item_bottleof_pink_champaine=09C7
pink champaine flute=$item_pink_champaine_flute=099a
Ale
{
bottle of ale=$item_bottles_of_ale1=099F
Bottles of Ale=$item_bottles_of_ale2=09A0
bottles of ale=$item_bottles_of_ale3=09A1
bottles of ale=$item_bottles_of_ale4=09A2
mug of ale=$item_mug_of_ale_1=09EE
Pitcher of Ale=$item_pitcher_of_ale_1=1F95
}
Liquor
{
bottle of liquor=$item_bottles_of_liquor1=099B
bottles of liquor=$item_bottles_of_liquor2=099C
bottles of liquor=$item_bottles_of_liquor3=099D
bottles of liquor=$item_bottles_of_liquor4=099E
glass of liquor=$item_glass_of_liquor_1=1F85
Pitcher of Liquor=$item_pitcher_of_liquor_1=1F99
}
Wine
{
bottle of wine=$item_bottles_of_wine1=09C7
bottles of wine=$item_bottles_of_wine2=09C6
bottles of wine=$item_bottles_of_wine3=09C5
bottles of wine=$item_bottles_of_wine4=09C4
Glass of Wine=$item_glass_of_wine_1=1F8D
Pitcher of Wine=$item_pitcher_of_wine_1=1F9B
}
Water
{
bucket of water=$item_bucket_of_water=0FFA
water tub=$item_tub_of_water=0e7b
glass of water=$item_glass_of_water_1=1F91
pitcher of water=$item_pitcher_of_water_1=0FF9
}
Cider
{
glass of cider=$item_glass_of_cider_1=1F7D
Jugs of Cider=$item_jugs_of_cider3=098D
Jugs of Cider=$item_jugs_of_cider2=098E
Jug of Cider=$item_jugs_of_cider1=09c8
pitcher of cider=$item_pitcher_of_cider_1=1F97
}
}

Baking
{
Ressources
{
sheave of wheat=$item_sheave_of_wheat=1ebd
donuts=$item_donuts=1AD3
jar of honey=$item_jars_of_honey=09EC
bowl of flour=$item_bowl_of_flour=0a1e
sackofflour=$item_sack_of_flour_1=1039
open sack of flour=$item_open_sack_of_flour_1=103a
dough=$item_dough=103d
sweet dough=$item_sweet_dough=103d
}
Prepared
{
cookie mix=$item_cookie_mix=103F
cake mix=$item_cake_mix=103F
unbaked pie=$item_unbaked_pie=1042
unbaked apple pie=$item_unbaked_apple_pie=1042
unbaked meat pie=$item_unbaked_meat_pie=1042
unbaked fish pie=$item_unbaked_fish_pie=1042
unbaked quiche=$item_unbaked_quiche=1042
unbaked peachcobbler=$item_unbaked_peach_cobbler=1042
unbaked fruit pie=$item_unbaked_fruit_pie=1042
unbaked pumpkin pie=$item_unbaked_pumpkin_pie=1042
uncooked pizza=$item_uncooked_pizza=1083
unbaked cheesepizza=$item_unbaked_cheese_pizza=1083
unbaked sausagepizza=$item_unbaked_sausage_pizza=1083
}
Finished
{
apple pie=$item_apple_pie=1041
baked pie=$item_baked_pie=1041
meat pie=$item_meat_pie=1041
fish pie=$item_fish_pie=1041
quiche=$item_quiche=1041
peachcobbler=$item_peach_cobbler=1041
fruit pie=$item_fruit_pie=1041
pumpkin pie=$item_pumpkin_pie=1041
cake=$item_cake=09E9
French Bread=$item_french_bread=098C
Muffins=$item_muffins1=09EA
Muffins=$item_muffins2=09FA
Muffins=$item_muffins3=09EB
BreadLoaves=$item_bread_loaves_1=103C
pizza=$item_pizzas=1040
cheesepizza=$item_cheese_pizzas=1040
sausage pizza=$item_sausage_pizzas=1040
pan of cookies=$item_pan_of_cookies=160B
plate of cookies=$item_plate_of_cookies=160C
}
}

Animal-Products
{
Milk
{
Pitcher of Milk=$item_pitcher_of_milk_1=09AD
jar for milk=$item_jar_for_milk=1005
jar full ofmilk=$item_jar_full_of_milk=10032
Glass of Milk=$item_glass_of_milk_1=1F89
wedge of cheese=$item_wedges_of_cheese_1=097C
wheel of cheese=$item_wheels_of_cheese=097E
}
Meat
{
Raw
{
spit=$item_spit_1=1e99
chicken on a spit=$item_chicken_on_spit_1=1e97
chicken on a spit=$item_chicken_on_spit_2=1e94
rabbit on a spit=$item_rabbit_on_spit_1=1e98
rabbit on a spit=$item_rabbit_on_spit_2=1e95
skinned rabbit=$item_skinned_rabbit_1=1e92
skinned goat=$item_skinned_goat_1=1e88
sheep carcass=$item_sheep_carcass_1=1873
sheep carcass=$item_sheep_carcass_2=1874
beef carcass=$item_beef_carcass_1=1871
beef carcass=$item_beef_carcass_2=1872
skinned deer=$item_skinned_deer_1=1e90
skinned deer=$item_skinned_deer_2=1e91
pigs head=$item_pigs_head_1=1e8e
pigs feet=$item_pigs_feet_1=1e8c
raw lambleg=$item_raw_lamb_leg=1609
raw bird=$item_raw_birds_1=09B9
bird=$item_bird1_1=1e83
bird=$item_bird1_1=1e85
unplucked chicken=$item_unplucked_chicken=1e87
plucked chicken=$item_plucked_chicken=1e8b
lard=$item_lard=1e8a
raw chickenleg=$item_raw_chicken_leg=1607
Egg shells=$item_eggshells=09B4
Eggs=$item_eggs=09B5
cuts of rawribs=$item_cuts_of_raw_ribs=09F1
}
Finished
{
roast pig=$item_roast_pigs_1=09BB
roast pig=$item_roast_pigs_2=09BC
cooked lambleg=$item_cooked_lamb_leg=160a
cooked bird=$item_cooked_birds_1=09B7
cooked chickenleg=$item_cooked_chicken_leg=1608
spam=$item_spam=1044
bowl of stew=$item_bowl_of_stew=1604
stew=$item_stew=0970
Fried Eggs=$item_fried_eggs=09B6
sausage=$item_sausages_1=09C0
sausage=$item_sausages_2=09C1
ham=$item_hams_1=09C9
ham=$item_hams_2=09d3
sliced ham=$item_sliced_ham=1e1f
cuts of ribs=$item_cuts_of_ribs=09F2
slabs of bacon=$item_slabs_of_bacon_1=0976
slice of bacon=$item_slices_of_bacon_1=0978
}
}
Fish
{
Raw
{
raw fishsteak=$item_raw_fish_steaks=097a
raw fish=$item_raw_fish_1=1E15
raw fish without head=$item_raw_fish_headless_1=1E17
fish head=$item_fish_head1_1=1E19
fish heads=$item_fish_head2=1E1b
fish=$item_fish1=09CC
fish=$item_fish2=09CD
fish=$item_fish3=09CE
fish=$item_fish4=09CF
small fish=$item_small_fish_1=0dd6
small fish=$item_small_fish_2=0dd7
small fish=$item_small_fish_3=0dd8
small fish=$item_small_fish_4=0dd9
}
fish steak=$item_fish_steaks=097B
cooked fish without head=$item_cooked_fish_headless_1=1E1c
cooked smallfish=$item_cooked_small_fish=1E1e
Shells
{
shell=$item_shell_1=0fca
shell=$item_shell_2=0fcb
shells=$item_shell_3=0fcc
conchshell=$item_conch_shell=0fc4
nautilus=$item_nautilus=0fc7
shells=$item_shells_1=0fc5
shells=$item_shells_2=0fc6
shells=$item_shells_3=0fc9
shells=$item_shells_4=0fca
}
}
}
Plant-Products
{
Mushrooms
{
mushrooms=$item_mushrooms_1=0d0c
mushrooms=$item_mushrooms_2=0d0d
mushrooms=$item_mushrooms_3=0d0e
mushrooms=$item_mushrooms_4=0d0f
mushrooms=$item_mushrooms_5=0d10
mushrooms=$item_mushrooms_6=0d11
mushrooms=$item_mushrooms_7=0d12
mushrooms=$item_mushrooms_8=0d13
mushrooms=$item_mushrooms_9=0d14
mushrooms=$item_mushrooms_10=0d15
mushroom=$item_mushroom_1=0d16
mushroom=$item_mushroom_2=0d17
mushroom=$item_mushroom_3=0d18
mushroom=$item_mushroom_4=0d19
}
Fruits
{
coconut=$item_coconuts1=1726
open coconut=$item_coconuts2=1725
open coconut=$item_coconuts3_1=1724
banana=$item_banana_1=171f
skinned banana=$item_skinned_banana_1=171d
bunch of bananas=$item_bunch_of_bananas_1=1721
dates=$item_bunches_of_dates=1727
lemon=$item_lemons1=1728
lemons=$item_lemons2=1729
lime=$item_limes1=172A
limes=$item_limes2=172B
pear=$item_pears_1=0994
apple=$item_apples=09D0
grape bunch=$item_grape_bunches_1=09D1
peach=$item_peaches_1=09D2
fruitbasket=$item_fruit_basket=0993
}
Vegetable/herbs
{
garlic bulb=$item_garlic_bulb_1=18e3
dried onions=$item_dried_onions_1=0C3f
dried herbs=$item_dried_herbs_1=0C41
bowl of carrots=$item_bowl_of_carrots1=15FE
bowl of corn=$item_bowl_of_corn1=15FF
bowl of lettuce=$item_bowl_of_lettuce1=1600
bowl of peas=$item_bowl_of_peas1=1601
bowl of potatoes=$item_bowl_of_potatoes=1602
bowl of tomatosoup=$item_tomato_soup=1606
bowl of carrots=$item_bowl_of_carrots2=15F9
bowl of corn=$item_bowl_of_corn2=15Fa
bowl of lettuce=$item_bowl_of_lettuce2=15fb
bowl of peas=$item_bowl_of_peas2=15fc
}
}

Dishes/Tools
{
Drinking
{
empty jug=$item_empty_jug=09c8
empty bottle=$item_empty_drink_bottle=09C7
goblet=$item_goblet_1=099a
goldengoblet=$item_golden_goblet_1=09bf
glass=$item_glass_1=1f81
pewter mug=$item_pewter_mug_1=1000
skull mug=$item_skull_mug_1=0ffb
ceramicmug=$item_ceramic_mug_1=09ca
glass pitcher=$item_glass_pitcher_1=0ff6
ceramic pitcher=$item_ceramic_pitcher=09d6
}
Eating
{
pewter bowl=$item_pewter_bowl=15FD
large pewter bowl=$item_large_pewter_bowl=1603
wooden bowl=$item_wooden_bowl=15f8
large wooden bowl=$item_large_wooden_bowl=1605
dough bowl=$item_dough_bowl=10E3
kettle=$item_kettle=09ed
frying pan=$item_frying_pan1=09e2
frying pan=$item_frying_pan2=097f
dirty frypan=$item_dirty_frypan=09de
pan 1=$item_pan=09f3
dirty pan 1=$item_dirty_pan=09e8
pot 1=$item_pot1=09e5
dirty pot 1=$item_dirty_pot1=09e7
pot 2=$item_pot2=09e4
dirty pot 2=$item_dirty_pot2=09e6
pot 3=$item_pot3=09e3
dirty pot 3=$item_dirty_pot3=09df
pot 4=$item_pot4=09e1
dirty pot 4=$item_dirty_pot4=09dd
dirty pot 5=$item_pot5=09e0
dirty pot 6=$item_dirty_pot5=09dc
cauldron=$item_cauldron_1=0974
plate=$item_plate1=09d7
dirty plate=$item_dirty_plate1=09da
dirty plate 2=$item_dirty_plate2=0a19
dirty plate 3=$item_dirty_plate3=09ae
plate of food=$item_plate_of_food1=09d8
plate of food=$item_plate_of_food2=09d9
plate of food=$item_plate_of_food3=09db
plate of food=$item_plate_of_food4=09af
tray=$item_tray_1=0992
silver ware=$item_silverware_1=09d4
spoon=$item_spoon_1=09c3
knife=$item_knife_1=09a6
fork=$item_fork_1=09a4
}
Tools/Baskets
{
flour sifter=$item_flour_sifter=103e
rolling pin=$item_rolling_pin=1043
bushel=$item_bushel=09ac
seive=$item_seive=14ff
round basket=$item_round_basket=0E78
basket 1=$item_basket1=0990
basket 2=$item_basket2=09b1
square basket=$item_square_basket=0E7A
winnowing basket=$item_winnowing_basket=1882
}
}
}
