format=HH

Fireplaces
{
fireplace=$item_fireplace_sandstone1_1=045d
fireplace=$item_fireplace_sandstone2_1=045e
fireplace=$item_fireplace_sandstone1_2=045f
fireplace=$item_fireplace_sandstone2_2=0460
fireplace=$item_fireplace_sandstone3_1=0475
fireplace=$item_fireplace_sandstone3_2=047b
fireplace=$item_fireplace_sandstone4_1=0482
fireplace=$item_fireplace_sandstone4_2=0489
fireplace=$item_fireplace_stone1_1=08cf
fireplace=$item_fireplace_stone2_1=08d0
fireplace=$item_fireplace_stone2_2=08d3
fireplace=$item_fireplace_stone1_2=08d4
fireplace=$item_fireplace_stone3_1=08da
fireplace=$item_fireplace_stone4_1=08db
fireplace=$item_fireplace_stone3_2=08de
fireplace=$item_fireplace_stone4_2=08df
fireplace=$item_fireplace_stone5_1=0935
fireplace=$item_fireplace_stone6_1=0936
fireplace=$item_fireplace_stone7_1=0937
fireplace=$item_fireplace_stone8_1=093d
fireplace=$item_fireplace_stone5_2=0943
fireplace=$item_fireplace_stone6_2=0944
fireplace=$item_fireplace_stone7_2=0945
fireplace=$item_fireplace_stone8_2=094b
fireplace=$item_fireplace_stone9_1=0951
fireplace=$item_fireplace_stone10_1=0952
fireplace=$item_fireplace_stone11_1=0953
fireplace=$item_fireplace_stone12_1=0959
fireplace=$item_fireplace_stone9_2=095f
fireplace=$item_fireplace_stone10_2=0960
fireplace=$item_fireplace_stone11_2=0961
fireplace=$item_fireplace_stone12_2=0967
fireplace=$item_fireplace_stone13_1=11ec
fireplace=$item_fireplace_stone14_1=11ed
fireplace=$item_fireplace_stone14_2=11ee
fireplace=$item_fireplace_stone13_2=11ef
}
Oven
{
oven=$item_oven_sandstone1_1=0461
oven=$item_oven_sandstone2_1=0462
oven=$item_oven_sandstone2_2=046a
oven=$item_oven_sandstone1_2=046f
oven=$item_oven_stone1_1=092b
oven=$item_oven_stone2_1=092c
oven=$item_oven_stone3_1=092f
oven=$item_oven_stone1_2=0930
oven=$item_oven_stone2_2=0931
oven=$item_oven_stone3_2=0934
}

Chimney
{
chimney=$item_chimney1_1=08d1
chimney=$item_chimney2_1=08d2
chimney=$item_chimney2_2=08d5
chimney=$item_chimney1_2=08d6
chimney=$item_chimney2_1=08d7
chimney=$item_chimney2_2=08d8
chimney=$item_chimney3_2=08d9
chimney=$item_chimney3=08dc
chimney=$item_chimney3_1=08dd
}

firepit=$item_firepit=0fac
campfire=$item_campfire=0de3