format=S

Decoration
{
Bed
{
pine east=$item_pine_bed-east_deed
pine south=$item_pine_bed-south_deed
pine small=$item_pine_bed_1deed
pine small=$item_pine_bed_2deed
alder east=$item_alder_bed-east_deed
alder south=$item_alder_bed-south_deed
alder small=$item_alder_bed_1deed
alder small=$item_alder_bed_2deed
beech east=$item_beech_bed-east_deed
beech south=$item_beech_bed-south_deed
beech small=$item_beech_bed_1deed
beech small=$item_beech_bed_2deed
cedar east=$item_cedar_bed-east_deed
cedar south=$item_cedar_bed-south_deed
cedar small=$item_cedar_bed_1deed
cedar small=$item_cedar_bed_2deed
ebony east=$item_ebony_bed-east_deed
ebony south=$item_ebony_bed-south_deed
ebony small=$item_ebony_bed_1deed
ebony small=$item_ebony_bed_2deed
mahogany east=$item_mahogany_bed-east_deed
mahogany south=$item_mahogany_bed-south_deed
mahogany small=$item_mahogany_bed_1deed
mahogany small=$item_mahogany_bed_2deed
maple east=$item_maple_bed-east_deed
maple south=$item_maple_bed-south_deed
maple small=$item_maple_bed_1deed
maple small=$item_maple_bed_2deed
oak east=$item_oak_bed-east_deed
oak south=$item_oak_bed-south_deed
oak small=$item_oak_bed_1deed
oak small=$item_oak_bed_2deed
walnut east=$item_walnut_bed-east_deed
walnut south=$item_walnut_bed-south_deed
walnut small=$item_walnut_bed_1deed
walnut small=$item_walnut_bed_2deed
yew east=$item_yew_bed-east_deed
yew south=$item_yew_bed-south_deed
yew small=$item_yew_bed_1deed
yew small=$item_yew_bed_2deed
basic east=$item_basfur_bed-east_deed
basic south=$item_basfur_bed-south_deed
basic small=$item_basfur_bed_1deed
basic small=$item_basfur_bed_2deed
}
fireplace east=$item_fireplace-east_deed
fireplace south=$item_fireplace-south_deed
oven east=$item_oven-east_deed
oven south=$item_oven-south_deed
guildstone=$item_guildstone_deed
christmas tree=$item_christmas_tree_deed=14F0
rename=$item_deed=14F0
employment=$item_employment_deed=14F0
Trashcan=$item_trashcan_deed=14f0
townstone=$item_townstone_deed=14f0
cannon=$item_cannon_deed=14ED
skull candle=$item_skull_candle_deed=14f0
Dartboard=$item_dartboard_deed=14f0
Dartboard=$item_dartboard_deed_1=14f0
}
Profession
{
large smithy=$item_large_smithy_deed=14F0
forge=$item_forge_deed=14F0
large forge (south)=$item_large_forge_deed_2=14F0
large forge (east)=$item_large_forge_deed_1=14F0
anvil (south)=$item_anvil_deed_2=14F0
anvil (east)=$item_anvil_deed_1=14F0
archery butte (east)=$item_archery_butte_deed_1=14F0
archery butte (south)=$item_archery_butte_deed_2=14F0
training dummy (south)=$item_training_dummy_deed_2=14F0
training dummy (east)=$item_training_dummy_deed_1=14F0
pickpocket dip (south)=$item_pickpocket_dip_deed_2=14F0
pickpocket dip (east)=$item_pickpocket_dip_deed_1=14F0
spinning wheel (east)=$item_spinning_wheel_deed_1=14F0
spinning wheel (south)=$item_spinning_wheel_deed_2=14F0
loom=$item_loom_deed_1=14F0
loom=$item_loom_deed_2=14F0
}
Ships
{
small ship=$item_deed_small_ship
small dragon boat=$item_deed_small_dragon_ship
med ship=$item_deed_medium_ship
med dragon boat=$item_deed_medium_dragon_ship
large ship=$item_deed_large_ship
large dragon boat=$item_deed_large_dragon_ship
}
Houses
{
small tower=$item_small_tower_deed=14F0
small marble shop=$item_small_marble_shop_deed=14f0
farm house=$item_farm_house_deed=14f0
small stone shop=$item_small_stone_shop_deed=14f0
2-story villa=$item_2-story_villa_deed=14f0
sandstone patio house=$item_sandstone_patio_house_deed=14F0
2-story log cabin=$item_2-story_log_cabin_deed=14F0
large marble patio house=$item_large_marble_patio_house_deed=14f0
small stone & plaster house=$item_small_stone_plaster_house_deed=14F0
small stone house=$item_small_stone_house_deed=14F0
small brick house=$item_small_brick_house_deed=14F0
small wood house=$item_small_wood_house_deed=14F0
small wood & plaster house=$item_small_wood_plaster_house_deed=14F0
small wood house with straw roof=$item_small_wood_house_with_straw_roof_deed=14F0
blue tent=$item_blue_tent_deed=14F0
green tent=$item_green_tent_deed=14F0
3 room brick house=$item_3_room_brick_house_deed=14F0
2 story wood & plaster house=$item_2_story_wood_plaster_house_deed=14F0
2 story stone & plaster house=$item_2_story_stone_plaster_house_deed=14F0
tower=$item_tower_deed=14F0
keep=$item_keep_deed=14F0
4 room house=$item_4_room_house_deed=14F0
castle=$item_castle_deed=14F0
}
Other Buildings
{
lighthouse=$item_lighthouse_deed=14F0
telescope=$item_telescope_deed=14F0
white fountain=$item_white_fountain_deed
brown fountain=$item_brown_fountain_deed
}
Misc
{
nodraw=$item_nodraw=0x0001
empty tile=$item_empty=0x1018
dark source=$item_dark_source=0x1646
light source=$item_light_source=0x1647
target tile=$item_target=0x1b70
fountain spark=$item_fountain=0x090d
}
Religion
{
ankh=$item_ankh1A_1=0x0002
ankh=$item_ankh1B_1=0x0003
ankh=$item_ankh1A_2=0x0004
ankh=$item_ankh1B_2=0x0005
bloody ankh=$item_bloody_ankh1A_1=0x1d97
bloody ankh=$item_bloody_ankh1B_1=0x1d98
bloody ankh=$item_bloody_ankh1A_2=0x1e5c
bloody ankh=$item_bloody_ankh1B_2=0x1e5d
altar deed=$item_arbitoir_deed=14F0
altar=$item_altar_3=0x120e
altar=$item_altar_4=0x120f
altar=$item_altar_5=0x1210
altar=$item_altar_6=0x1211
altar=$item_altar_7=0x1212
altar=$item_altar=0x1213
altar=$item_altar_1=0x1214
altar=$item_altar_2=0x1215
altar=$item_altar_8=0x1226
pentagram deed=$item_pentagram_deed=14F0
pentagram=$item_pentagram_1=0fe6
pentagram=$item_pentagram_2=0fe7
pentagram=$item_pentagram_3=0fe8
pentagram=$item_pentagram_4=0fe9
pentagram=$item_pentagram_5=0fea
pentagram=$item_pentagram_6=0feb
pentagram=$item_pentagram_7=0fec
pentagram=$item_pentagram_8=0fed
pentagram=$item_pentagram_9=0fee
}
Cave Decoration
{
stalagmites=$item_stalagmite1_1=0x08e0
flowstone=$item_stalagmite2_1=0x08e2
flowstone=$item_stalagmite3=0x08e3
stalagmites=$item_stalagmite4_1=0x08e4
flowstone=$item_stalagmite5=0x08e6
stalagmites=$item_stalagmite6=0x08e7
stalagmites=$item_stalagmite7_1=0x08e9
}
Garbage
{
dirt patch1=$item_dirt_patch1=0911
dirt patch2=$item_dirt_patch2=0912
dirt patch3=$item_dirt_patch3=0913
dirt patch4=$item_dirt_patch4=0914
debris=$item_debris1_1=0c2d
hay1=item_hay1=1036
hay2=item_hay2=1037
hay3=item_hay3=0f34
hay4=item_hay4=0f35
loose grain=$item_loose_grain=1449
wood curls=$item_wood_curls=1038
garbage=item_garbage1=10ee
garbage=item_garbage2=10ef
garbage=item_garbage3=10f0
garbage=item_garbage4=10f1
pile ofgarbage=$item_pile_of_garbage1_1=10f2
horse dung1=$item_horse_dung1=0f3b
horse dung2=$item_horse_dung2=0f3c
spilled flour1=$item_spilled_flour1=187e
spilled flour2=$item_spilled_flour2=187f
spilled flour3=$item_spilled_flour3=1880
spilled flour4=$item_spilled_flour4=1881
leaves1=$item_leaves1=1b1f
leaves2=$item_leaves2=1b20
leaves3=$item_leaves3=1b21
leaves4=$item_leaves4=1b22
leaves5=$item_leaves5=1b23
leaves6=$item_leaves6=1b24
leaves7=$item_leaves7=1b25
leaves8=$item_leaves8=1b26
dirt=$item_dirt1_1=1b27
dirt=$item_dirt2_1=1b2b
dirt=$item_dirt3_1=1b2f
dirt=$item_dirt4_1=1b33
dirt=$item_dirt5_1=1b37
dirt=$item_dirt6_1=1b3b
burned wood=$item_burned_wood=0dea
refuse1=$item_refuse1=1b9f
refuse2=$item_refuse2=1ba0
refuse3=$item_refuse3=1ba1
refuse4=$item_refuse4=1ba2
refuse5=$item_refuse5=1ba3
refuse6=$item_refuse6=1ba4
refuse7=$item_refuse7=1ba5
refuse8=$item_refuse8=1ba6
refuse9=$item_refuse9=1ba7
refuse10=$item_refuse10=1ba8
refuse11=$item_refuse11=1ba9
refuse12=$item_refuse12=1baa
refuse13=$item_refuse13=1bab
refuse14=$item_refuse14=1bac
refuse15=$item_refuse15=1bad
refuse16=$item_refuse16=1bae
refuse17=$item_refuse17=1baf
refuse18=$item_refuse18=1bb0
refuse19=$item_refuse19=1bb1
refuse20=$item_refuse20=1bb2
refuse21=$item_refuse21=1bb4
refuse22=$item_refuse22=1bb5
refuse23=$item_refuse23=1bb6
refuse24=$item_refuse24=1bb7
refuse25=$item_refuse25=1bb8
refuse26=$item_refuse26=1bb9
refuse27=$item_refuse27=1bba
refuse28=$item_refuse28=1bbb
refuse29=$item_refuse29=1bbc
refuse30=$item_refuse30=1bbd
dirtdot1=$item_dirtdot1=1dfd
dirtdot2=$item_dirtdot2=1dfe
dirtdot3=$item_dirtdot3=1dff
dirtdot4=$item_dirtdot4=1e00
mud1=$item_mud1=1e01
mud2=$item_mud2=1e02
footprint1 1=$item_footprint1_1=1e03
stain1=$item_stain1=1e07
stain2=$item_stain2=1e08
stain3=$item_stain3=1e09
stain4=$item_stain4=1e0a
stain5=$item_stain5=1e0b
stain6=$item_stain6=1e0c
stain7=$item_stain7=1e0d
stain8=$item_stain8=1e0e
burned food=$item_burned_food=1eb0
cut hair=$item_cut_hair=0dfe
}
Spider stuff
{
spiderweb=$item_spiderweb1A_1=10b8
spiderweb=$item_spiderweb1B_1=10c1
spiderweb=$item_spiderweb1C_1=10c0
spiderweb=$item_spiderweb1D_1=10ba
spiderweb=$item_spiderweb1E_1=10b9
spiderweb=$item_spiderweb2A_1=10c2
spiderweb=$item_spiderweb2B_1=10c3
spiderweb=$item_spiderweb2C_1=10c4
spiderweb=$item_spiderweb2D_1=10c5
spiderweb=$item_spiderweb3A_1=10ca
spiderweb=$item_spiderweb3B_1=10cb
spiderweb=$item_spiderweb3C_1=10cc
spiderweb=$item_spiderweb3D_1=10cd
small spiderweb=$item_small_spiderweb4_1=10d2
small spiderweb=$item_small_spiderweb5_1=10d4
small spiderweb=$item_small_spiderweb6_1=10d6
small spiderweb=$item_small_spiderweb7_1=0ee3
small spiderweb=$item_small_spiderweb8_1=0ee5
spideregg spiderweb=$item_spideregg_case1=10d8
cocoon=$item_cocoon1=10da
cocoon=$item_cocoon2=10db
cocoon=$item_cocoon3=10dc
cocoon open=$item_cocoon_open=10dd
}
Games
{
backgammon=item_backgammon_1=0fad
black chessmen=item_black_chessmen1_1=0e12
white chessmen=item_white_chessmen2_1=0e14
cards1=item_cards1_1=0e15
cards2=item_cards2_1=0fa2
carddeck=item_deck_of_cards=0e17
red checkers=item_red_checkers_1=0e1a
white checkers=item_white_checkers_1=0e1b
checkerboard=item_checker_board=0fa6
dice and cup=item_dice_and_cup=0fa7
tarot1=item_tarot1_1=12a5
tarot2=item_tarot2_1=12a7
tarot3=item_tarot3_1=12a9
tarotdecks=item_decks_of_tarot_1=12ab
axe dartboard=item_dartboard_axe_1=1e30
knive dartboard=item_dartboard_knives_1=1e32
dartboard=item_dartboard_2=1e2f
}
Money and jewelery
{
copper coin=0x0e 0xea=0x0eea
copper coins=0x0e 0xeb=0x0eeb
copper coins=0x0e 0xec=0x0eec
gold coin=0x0e 0xed=0x0eed
gold coins=0x0e 0xee=0x0eee
gold coins=0x0e 0xef=0x0eef
silver coin=0x0e 0xf0=0x0ef0
silver coins=0x0e 0xf1=0x0ef1
silver coins=0x0e 0xf2=0x0ef2
treasure=0x1b 0x3f=0x1b3f
treasure=0x1b 0x40=0x1b40
treasure=0x1b 0x41=0x1b41
treasure=0x1b 0x42=0x1b42
treasure=0x1b 0x43=0x1b43
treasure=0x1b 0x44=0x1b44
treasure=0x1b 0x45=0x1b45
treasure=0x1b 0x46=0x1b46
treasure=0x1b 0x47=0x1b47
treasure=0x1b 0x48=0x1b48
treasure=0x1b 0x4a=0x1b4a
treasure=0x1b 0x4b=0x1b4b
treasure=0x1b 0x4c=0x1b4c
treasure=0x1b 0x4d=0x1b4d
treasure=0x1b 0x4e=0x1b4e
treasure=0x1b 0x4f=0x1b4f
treasure=0x1b 0x50=0x1b50
treasure=0x1b 0x51=0x1b51
treasure=0x1b 0x53=0x1b53
treasure=0x1b 0x54=0x1b54
treasure=0x1b 0x55=0x1b55
treasure=0x1b 0x56=0x1b56
treasure=0x1b 0x57=0x1b57
treasure=0x1b 0x58=0x1b58
treasure=0x1b 0x59=0x1b59
treasure=0x1b 0x5a=0x1b5a
treasure=0x1b 0x5b=0x1b5b
treasure=0x1b 0x5c=0x1b5c
treasure=0x1b 0x5d=0x1b5d
treasure=0x1b 0x5f=0x1b5f
treasure=0x1b 0x60=0x1b60
treasure=0x1b 0x61=0x1b61
treasure=0x1b 0x62=0x1b62
treasure=0x1b 0x63=0x1b63
treasure=0x1b 0x64=0x1b64
treasure=0x1b 0x65=0x1b65
treasure=0x1b 0x66=0x1b66
treasure=0x1b 0x67=0x1b67
treasure=0x1b 0x68=0x1b68
treasure=0x1b 0x69=0x1b69
treasure=0x1b 0x6a=0x1b6a
star sapphires=0x0f 0x0f=0x0f0f
emeralds=0x0f 0x10=0x0f10
sapphires=0x0f 0x11=0x0f11
sapphires=0x0f 0x12=0x0f12
rubies/y=0x0f 0x13=0x0f13
rubies/y=0x0f 0x14=0x0f14
citrines=0x0f 0x15=0x0f15
amethysts=0x0f 0x16=0x0f16
amethysts=0x0f 0x17=0x0f17
tourmalines=0x0f 0x18=0x0f18
sapphires=0x0f 0x19=0x0f19
rubies/y=0x0f 0x1a=0x0f1a
star sapphires=0x0f 0x1b=0x0f1b
rubies/y=0x0f 0x1c=0x0f1c
rubies/y=0x0f 0x1d=0x0f1d
tourmalines=0x0f 0x1e=0x0f1e
sapphires=0x0f 0x1f=0x0f1f
tourmalines=0x0f 0x20=0x0f20
star sapphires=0x0f 0x21=0x0f21
amethysts=0x0f 0x22=0x0f22
citrines=0x0f 0x23=0x0f23
citrines=0x0f 0x24=0x0f24
pieces of 0xamber=0x0f 0x25=0x0f25
diamonds=0x0f 0x26=0x0f26
diamonds=0x0f 0x27=0x0f27
diamonds=0x0f 0x28=0x0f28
diamonds=0x0f 0x29=0x0f29
rubies/y=0x0f 0x2a=0x0f2a
rubies/y=0x0f 0x2b=0x0f2b
citrines=0x0f 0x2c=0x0f2c
tourmalines=0x0f 0x2d=0x0f2d
amethysts=0x0f 0x2e=0x0f2e
emeralds=0x0f 0x2f=0x0f2f
diamonds=0x0f 0x30=0x0f30
necklace=0x10 0x85=0x1085
bracelet=0x10 0x86=0x1086
earrings=0x10 0x87=0x1087
necklace=0x10 0x88=0x1088
necklace=0x10 0x89=0x1089
ring=0x10 0x8a=0x108a
beads=0x10 0x8b=0x108b
bead necklace=0x1f 0x05=0x1f05
bracelet=0x1f 0x06=0x1f06
earrings=0x1f 0x07=0x1f07
necklace=0x1f 0x08=0x1f08
ring=0x1f 0x09=0x1f09
silver necklace=0x1f 0x0a=0x1f0a
gold belt=0x15 0x35=0x1535
gold belt=0x15 0x36=0x1536
}
Keys
{
copper key=0x10 0x0e=0x100e
gold key=0x10 0x0f=0x100f
iron key=0x10 0x10=0x1010
key ring=0x10 0x11=0x1011
magic key=0x10 0x12=0x1012
rusty iron key=0x10 0x13=0x1013
key ring=0x17 0x69=0x1769
key ring=0x17 0x6a=0x176a
key ring=0x17 0x6b=0x176b
}
Virtue system
{
Honest
{
Honesty=0x14 0x9f=0x149f
Honesty=0x14 0xa0=0x14a0
Honesty=0x14 0xa1=0x14a1
Honesty=0x14 0xa2=0x14a2
Honesty=0x14 0xa3=0x14a3
Honesty=0x14 0xa4=0x14a4
Honesty=0x14 0xa5=0x14a5
Honesty=0x14 0xa6=0x14a6
}
Compassion
{
Compassion=0x14 0xa7=0x14a7
Compassion=0x14 0xa8=0x14a8
Compassion=0x14 0xa9=0x14a9
Compassion=0x14 0xaa=0x14aa
Compassion=0x14 0xab=0x14ab
Compassion=0x14 0xac=0x14ac
Compassion=0x14 0xad=0x14ad
Compassion=0x14 0xae=0x14ae
}
Justice
{
Justice=0x14 0xaf=0x14af
Justice=0x14 0xb0=0x14b0
Justice=0x14 0xb1=0x14b1
Justice=0x14 0xb2=0x14b2
Justice=0x14 0xb3=0x14b3
Justice=0x14 0xb4=0x14b4
Justice=0x14 0xb5=0x14b5
Justice=0x14 0xb6=0x14b6
}
Valor
{
Valor=0x14 0xb7=0x14b7
Valor=0x14 0xb8=0x14b8
Valor=0x14 0xb9=0x14b9
Valor=0x14 0xba=0x14ba
Valor=0x14 0xbb=0x14bb
Valor=0x14 0xbc=0x14bc
Valor=0x14 0xbd=0x14bd
Valor=0x14 0xbe=0x14be
}
Sacrifice
{
Sacrifice=0x15 0x0a=0x150a
Sacrifice=0x15 0x0b=0x150b
Sacrifice=0x15 0x0c=0x150c
Sacrifice=0x15 0x0d=0x150d
Sacrifice=0x15 0x0e=0x150e
Sacrifice=0x15 0x0f=0x150f
Sacrifice=0x15 0x10=0x1510
Sacrifice=0x15 0x11=0x1511
}
Spirituality
{
Spirituality=0x14 0xbf=0x14bf
Spirituality=0x14 0xc0=0x14c0
Spirituality=0x14 0xc1=0x14c1
Spirituality=0x14 0xc2=0x14c2
Spirituality=0x14 0xc3=0x14c3
Spirituality=0x14 0xc4=0x14c4
Spirituality=0x14 0xc5=0x14c5
Spirituality=0x14 0xc6=0x14c6
}
Honor
{
Honor=0x14 0xc7=0x14c7
Honor=0x14 0xc8=0x14c8
Honor=0x14 0xc9=0x14c9
Honor=0x14 0xca=0x14ca
Honor=0x14 0xcb=0x14cb
Honor=0x14 0xcc=0x14cc
Honor=0x14 0xcd=0x14cd
Honor=0x14 0xce=0x14ce
}
Humility
{
Humility=0x14 0xcf=0x14cf
Humility=0x14 0xd0=0x14d0
Humility=0x14 0xd1=0x14d1
Humility=0x14 0xd2=0x14d2
Humility=0x14 0xd3=0x14d3
Humility=0x14 0xd4=0x14d4
Humility=0x14 0xd5=0x14d5
Humility=0x14 0xd6=0x14d6
}
Chaos
{
Chaos=0x14 0xe3=0x14e3
Chaos=0x14 0xe4=0x14e4
Chaos=0x14 0xe5=0x14e5
Chaos=0x14 0xe6=0x14e6
}
Virtue stones
{
virtue stone=0x18 0x69=0x1869
virtue stone=0x18 0x6a=0x186a
virtue stone=0x18 0x6b=0x186b
virtue stone=0x18 0x6c=0x186c
virtue stone=0x18 0x6d=0x186d
virtue stone=0x18 0x6e=0x186e
virtue stone=0x18 0x6f=0x186f
virtue stone=0x18 0x70=0x1870
}
}
Teleporter
{
teleporter=0x17 0xcf=0x17cf
teleporter=0x17 0xd0=0x17d0
teleporter=0x17 0xd1=0x17d1
teleporter=0x17 0xd2=0x17d2
teleporter=0x17 0xd3=0x17d3
teleporter=0x17 0xd4=0x17d4
teleporter=0x17 0xd5=0x17d5
teleporter=0x17 0xd6=0x17d6
teleporter=0x17 0xd7=0x17d7
teleporter=0x17 0xd8=0x17d8
teleporter=0x17 0xd9=0x17d9
teleporter=0x17 0xda=0x17da
teleporter=0x17 0xdb=0x17db
teleporter=0x17 0xdc=0x17dc
teleporter=0x17 0xdd=0x17dd
teleporter=0x17 0xde=0x17de
teleporter=0x17 0xdf=0x17df
teleporter=0x17 0xe0=0x17e0
teleporter=0x17 0xe1=0x17e1
teleporter=0x17 0xe2=0x17e2
teleporter=0x17 0xe3=0x17e3
teleporter=0x17 0xe4=0x17e4
teleporter=0x17 0xe5=0x17e5
teleporter=0x17 0xe6=0x17e6
teleporter=0x17 0xe7=0x17e7
teleporter=0x17 0xe8=0x17e8
teleporter=0x17 0xe9=0x17e9
teleporter=0x17 0xea=0x17ea
teleporter=0x17 0xeb=0x17eb
teleporter=0x17 0xec=0x17ec
teleporter=0x17 0xed=0x17ed
teleporter=0x17 0xee=0x17ee
teleporter=0x17 0xef=0x17ef
teleporter=0x17 0xf0=0x17f0
teleporter=0x17 0xf1=0x17f1
teleporter=0x17 0xf2=0x17f2
teleporter=0x17 0xfc=0x17fc
teleporter=0x17 0xfd=0x17fd
teleporter=0x17 0xfe=0x17fe
teleporter=0x17 0xff=0x17ff
teleporter=0x18 0x00=0x1800
teleporter=0x18 0x01=0x1801
teleporter=0x18 0x02=0x1802
teleporter=0x18 0x03=0x1803
teleporter=0x18 0x04=0x1804
teleporter=0x18 0x05=0x1805
teleporter=0x18 0x06=0x1806
teleporter=0x18 0x07=0x1807
teleporter=0x18 0x08=0x1808
teleporter=0x18 0x09=0x1809
teleporter=0x18 0x0a=0x180a
teleporter=0x18 0x0b=0x180b
teleporter=0x18 0x0c=0x180c
teleporter=0x18 0x0d=0x180d
}
Hourglass
{
hourglass=0x18 0x10=0x1810
hourglass=0x18 0x11=0x1811
hourglass=0x18 0x12=0x1812
hourglass=0x18 0x13=0x1813
hourglass=0x18 0x14=0x1814
hourglass=0x18 0x15=0x1815
hourglass=0x18 0x16=0x1816
hourglass=0x18 0x17=0x1817
hourglass=0x18 0x18=0x1818
hourglass=0x18 0x19=0x1819
hourglass=0x18 0x1a=0x181a
hourglass=0x18 0x1b=0x181b
hourglass=0x18 0x1c=0x181c
}
Special items
{
Bell of courage=0x1c 0x12=0x1c12
Book of truth=0x1c 0x13=0x1c13
Candle of love=0x1c 0x14=0x1c14
Candle of love=0x1c 0x15=0x1c15
Candle of love=0x1c 0x16=0x1c16
footprints=0x1e 0x03=0x1e03
footprints=0x1e 0x04=0x1e04
footprints=0x1e 0x05=0x1e05
footprints=0x1e 0x06=0x1e06
trophy=0x1e 0x60=0x1e60
trophy=0x1e 0x61=0x1e61
trophy=0x1e 0x62=0x1e62
trophy=0x1e 0x63=0x1e63
trophy=0x1e 0x64=0x1e64
trophy=0x1e 0x65=0x1e65
trophy=0x1e 0x66=0x1e66
trophy=0x1e 0x67=0x1e67
trophy=0x1e 0x68=0x1e68
trophy=0x1e 0x69=0x1e69
trophy=0x1e 0x6a=0x1e6a
trophy=0x1e 0x6b=0x1e6b
trophy=0x1e 0x6c=0x1e6c
trophy=0x1e 0x6d=0x1e6d
ship model=0x14 0xf3=0x14f3
ship model=0x14 0xf4=0x14f4
ship plans=0x14 0xf1=0x14f1
ship plans=0x14 0xf2=0x14f2
deed=0x14 0xef=0x14ef
deed=0x14 0xf0=0x14f0
regions=0x19 0x64=0x1964
regions=0x19 0x65=0x1965
regions=0x19 0x66=0x1966
regions=0x19 0x67=0x1967
regions=0x19 0x68=0x1968
regions=0x19 0x69=0x1969
regions=0x19 0x6a=0x196a
regions=0x19 0x6b=0x196b
regions=0x19 0x6c=0x196c
map icon 0x1=0x19 0x6f=0x196f
map icon 0x2=0x19 0x70=0x1970
map icon 0x3=0x19 0x71=0x1971
map icon 0x4=0x19 0x72=0x1972
quest egg=0x19 0x73=0x1973
Worldgem bit=0x1e 0xa7=0x1ea7
worldgem bit=0x1f 0x13=0x1f13
}
Messages
{
bulletin board=0x1e 0x5e=0x1e5e
bulletin board=0x1e 0x5f=0x1e5f
book=0x1e 0x20=0x1e20
books=0x1e 0x21=0x1e21
books=0x1e 0x22=0x1e22
books=0x1e 0x23=0x1e23
books=0x1e 0x24=0x1e24
books=0x1e 0x25=0x1e25
book=0x0f 0xbd=0x0fbd
book=0x0f 0xbe=0x0fbe
book=0x0f 0xef=0x0fef
book=0x0f 0xf0=0x0ff0
book=0x0f 0xf1=0x0ff1
book=0x0f 0xf2=0x0ff2
book=0x0f 0xf3=0x0ff3
book=0x0f 0xf4=0x0ff4
damaged books=0x0c 0x16=0x0c16
map=0x14 0xeb=0x14eb
map=0x14 0xec=0x14ec
rolled map=0x14 0xed=0x14ed
rolled map=0x14 0xee=0x14ee
scrolls=0x1f 0x6d=0x1f6d
scrolls=0x1f 0x6e=0x1f6e
scrolls=0x1f 0x6f=0x1f6f
scrolls=0x1f 0x70=0x1f70
scrolls=0x1f 0x71=0x1f71
scrolls=0x1f 0x72=0x1f72
}
Training
{
target=0x1e 0xd3=0x1ed3
target=0x1e 0xd4=0x1ed4
target=0x1e 0xd5=0x1ed5
target=0x1e 0xd6=0x1ed6
target=0x1e 0xd7=0x1ed7
target=0x1e 0xd8=0x1ed8
archery 0xbutte=0x10 0x0a=0x100a
archery 0xbutte=0x10 0x0b=0x100b
training dummy=0x10 0x70=0x1070
training dummy=0x10 0x71=0x1071
training dummy=0x10 0x72=0x1072
training dummy=0x10 0x73=0x1073
training dummy=0x10 0x74=0x1074
training dummy=0x10 0x75=0x1075
training dummy=0x10 0x76=0x1076
training dummy=0x10 0x77=0x1077
pickpocket dip=0x1e 0x2c=0x1e2c
pickpocket dip=0x1e 0x2d=0x1e2d
pickpocket dip=0x1e 0xc0=0x1ec0
pickpocket dip=0x1e 0xc1=0x1ec1
pickpocket dip=0x1e 0xc2=0x1ec2
pickpocket dip=0x1e 0xc3=0x1ec3
pickpocket dip=0x1e 0xc4=0x1ec4
pickpocket dip=0x1e 0xc5=0x1ec5
}
Monster Figures
{
ettin frame=0x20 0xc8=0x20c8
gorilla frame=0x20 0xc9=0x20c9
lizardman frame=0x20 0xca=0x20ca
ogre frame=0x20 0xcb=0x20cb
troll frame=0x20 0xcc=0x20cc
male=0x20 0xcd=0x20cd
female=0x20 0xce=0x20ce
Bear frame=0x20 0xcf=0x20cf
Rat frame=0x20 0xd0=0x20d0
Chicken frame=0x20 0xd1=0x20d1
Corpser frame=0x20 0xd2=0x20d2
Demon frame=0x20 0xd3=0x20d3
Deer frame=0x20 0xd4=0x20d4
Dog frame=0x20 0xd5=0x20d5
Dragon frame=0x20 0xd6=0x20d6
Earth elemental fr=0x20 0xd7=0x20d7
Ettin frame=0x20 0xd8=0x20d8
Gargoyle frame=0x20 0xd9=0x20d9
Crocodile frame=0x20 0xda=0x20da
Grizzly bear frame=0x20 0xdb=0x20db
Harpy frame=0x20 0xdc=0x20dc
Horse frame=0x20 0xdd=0x20dd
Lizard man frame=0x20 0xde=0x20de
Ogre frame=0x20 0xdf=0x20df
Orc frame=0x20 0xe0=0x20e0
Polar bear frame=0x20 0xe1=0x20e1
Rabbit frame=0x20 0xe2=0x20e2
Rat man frame=0x20 0xe3=0x20e3
Scorpion frame=0x20 0xe4=0x20e4
Serpent frame=0x20 0xe5=0x20e5
Sheep frame=0x20 0xe6=0x20e6
Skeleton frame=0x20 0xe7=0x20e7
Slime frame=0x20 0xe8=0x20e8
Troll frame=0x20 0xe9=0x20e9
Wolf frame=0x20 0xea=0x20ea
Wooly sheep frame=0x20 0xeb=0x20eb
Zombie frame=0x20 0xec=0x20ec
air elemental=0x20 0xed=0x20ed
bird=0x20 0xee=0x20ee
bull=0x20 0xef=0x20ef
bull=0x20 0xf0=0x20f0
dolphin=0x20 0xf1=0x20f1
eagle=0x20 0xf2=0x20f2
fire elemental=0x20 0xf3=0x20f3
gazer=0x20 0xf4=0x20f4
gorilla=0x20 0xf5=0x20f5
llama=0x20 0xf6=0x20f6
cougar=0x20 0xf7=0x20f7
liche=0x20 0xf8=0x20f8
mongbat=0x20 0xf9=0x20f9
reaper=0x20 0xfa=0x20fa
sea serpent=0x20 0xfb=0x20fb
snake=0x20 0xfc=0x20fc
spider=0x20 0xfd=0x20fd
snake=0x20 0xfe=0x20fe
walrus=0x20 0xff=0x20ff
wisp=0x21 0x00=0x2100
pig=0x21 0x01=0x2101
panther=0x21 0x02=0x2102
cow=0x21 0x03=0x2103
daemon=0x21 0x04=0x2104
daemon=0x21 0x05=0x2105
human male=0x21 0x06=0x2106
human 0xfemale=0x21 0x07=0x2107
mountain goat=0x21 0x08=0x2108
ghoul=0x21 0x09=0x2109
headless=0x21 0x0a=0x210a
water elemental=0x21 0x0b=0x210b
black bear=0x21 0x18=0x2118
big cat=0x21 0x19=0x2119
bird=0x21 0x1a=0x211a
cat=0x21 0x1b=0x211b
dog=0x21 0x1c=0x211c
eagle=0x21 0x1d=0x211d
grizzly bear=0x21 0x1e=0x211e
horse=0x21 0x1f=0x211f
horse=0x21 0x20=0x2120
horse=0x21 0x21=0x2121
wolf=0x21 0x22=0x2122
rat=0x21 0x23=0x2123
horse=0x21 0x24=0x2124
rabbit=0x21 0x25=0x2125
packhorse=0x21 0x26=0x2126
packllama=0x21 0x27=0x2127
terathan warrior=0x21 0x2a=0x212a
terathan drone=0x21 0x2b=0x212b
terathan matriarch=0x21 0x2c=0x212c
cyclops=0x21 0x2d=0x212d
titan=0x21 0x2e=0x212e
giant toad=0x21 0x2f=0x212f
bullfrog=0x21 0x30=0x2130
lizard=0x21 0x31=0x2131
ophidian mage=0x21 0x32=0x2132
ophidian warrior=0x21 0x33=0x2133
ophidian queen=0x21 0x34=0x2134
desert ostard=0x21 0x35=0x2135
frenzied ostard=0x21 0x36=0x2136
forest ostard=0x21 0x37=0x2137
}
Serpent pillar
{
serpent pillar=0x23 0x3c=0x233c
serpent pillar=0x23 0x3d=0x233d
serpent pillar=0x23 0x3e=0x233e
serpent pillar=0x23 0x3f=0x233f
serpent pillar=0x23 0x40=0x2340
serpent pillar=0x23 0x41=0x2341
serpent pillar=0x23 0x42=0x2342
serpent pillar=0x23 0x43=0x2343
serpent pillar=0x23 0x44=0x2344
serpent pillar=0x23 0x45=0x2345
serpent pillar=0x23 0x46=0x2346
serpent pillar=0x23 0x47=0x2347
serpent pillar=0x23 0x48=0x2348
serpent pillar=0x23 0x49=0x2349
serpent pillar=0x23 0x4a=0x234a
}

Arches
{
Brick
{
brick arch=00 45=0045
brick arch=00 46=0046
brick arch=00 47=0047
brick arch=00 48=0048
brick arch=00 49=0049
}
Stone
{
sandstone arch=00 28=0028
sandstone arch=00 29=0029
sandstone arch=00 2a=002a
sandstone arch=00 2b=002b
sandstone arch=00 2c=002c
sandstone arch=00 6d=006d
sandstone arch=00 6e=006e
sandstone arch=00 6f=006f
sandstone arch=00 70=0070
sandstone arch=00 71=0071
sandstone arch=00 7a=007a
sandstone arch=00 7b=007b
sandstone arch=00 7c=007c
sandstone arch=00 7d=007d
sandstone arch=00 7e=007e
sandstone arch=00 7f=007f
sandstone arch=00 86=0086
sandstone arch=00 87=0087
sandstone arch=00 8a=008a
sandstone arch=00 8b=008b
sandstone arch=00 c6=00c6
sandstone arch=00 cd=00cd
sandstone arch=00 ce=00ce
sandstone arch=00 cf=00cf
sandstone arch=00 d0=00d0
sandstone arch=00 d1=00d1
sandstone arch=00 d4=00d4
sandstone arch=00 d5=00d5
sandstone arch=00 d6=00d6
sandstone arch=00 d7=00d7
sandstone arch=00 d8=00d8
sandstone arch=00 d9=00d9
sandstone arch=00 da=00da
sandstone arch=00 e0=00e0
sandstone arch=00 e1=00e1
sandstone arch=00 e2=00e2
sandstone arch=00 e3=00e3
sandstone arch=00 e4=00e4
sandstone arch=00 e5=00e5
sandstone arch=01 d5=01d5
sandstone arch=01 d6=01d6
sandstone arch=01 d7=01d7
sandstone arch=01 d8=01d8
sandstone arch=01 d9=01d9
sandstone arch=01 db=01db
sandstone arch=01 dc=01dc
sandstone arch=01 dd=01dd
sandstone arch=01 de=01de
sandstone arch=01 df=01df
sandstone arch=01 e0=01e0
sandstone arch=01 e1=01e1
sandstone arch=01 e2=01e2
sandstone arch=01 e3=01e3
sandstone arch=01 e4=01e4
sandstone arch=01 e5=01e5
sandstone arch=01 e6=01e6
sandstone arch=01 e7=01e7
}
Arch
{
arch=04 46=0446
arch=04 47=0447
arch=04 48=0448
arch=04 49=0449
arch=04 4a=044a
arch=04 4b=044b
arch=04 4c=044c
arch=04 4d=044d
arch=04 4e=044e
arch=04 4f=044f
}
Marble
{
marble arch=01 12=0112
marble arch=01 13=0113
marble arch=01 14=0114
marble arch=01 15=0115
marble arch=01 16=0116
marble arch=01 21=0121
marble arch=01 22=0122
marble arch=01 23=0123
marble arch=01 24=0124
marble arch=02 b0=02b0
marble arch=02 b1=02b1
marble arch=02 b2=02b2
marble arch=02 b3=02b3
marble arch=02 b4=02b4
marble arch=02 bd=02bd
marble arch=02 be=02be
marble arch=02 bf=02bf
marble arch=02 c0=02c0
marble arch=04 38=0438
marble arch=04 39=0439
marble arch=04 3a=043a
marble arch=04 3b=043b
marble arch=04 3c=043c
marble arch=04 3d=043d
marble arch=04 3e=043e
marble arch=04 3f=043f
marble arch=04 40=0440
marble arch=04 41=0441
}
Archway
{
archway=01 3c=013c
archway=01 3d=013d
archway=01 3e=013e
archway=01 3f=013f
archway=01 40=0140
archway=03 97=0397
archway=03 98=0398
archway=03 99=0399
archway=03 9a=039a
archway=03 9b=039b
archway=03 a0=03a0
}
Sandstone
{
sandsandstone arch=01 6c=016c
sandsandstone arch=01 6d=016d
sandsandstone arch=01 6e=016e
sandsandstone arch=01 6f=016f
sandsandstone arch=01 70=0170
sandsandstone arch=01 8a=018a
sandsandstone arch=01 8b=018b
sandsandstone arch=01 8c=018c
sandsandstone arch=01 8d=018d
sandsandstone arch=01 8e=018e
sandsandstone arch=01 8f=018f
sandsandstone arch=01 90=0190
sandsandstone arch=01 91=0191
sandsandstone arch=01 92=0192
sandsandstone arch=01 93=0193
}
Dungeon
{
dungeon arch=02 45=0245
dungeon arch=02 46=0246
dungeon arch=02 47=0247
dungeon arch=02 48=0248
dungeon arch=02 49=0249
dungeon arch=02 4a=024a
}
}
Cannons
{
cannon ball=0e 73=0e73
cannon balls=0e 74=0e74
cannon=0e 6b=0e6b
cannon=0e 6c=0e6c
cannon=0e 6d=0e6d
cannon=0e 6e=0e6e
cannon=0e 6f=0e6f
cannon=0e 70=0e70
cannon=0e 71=0e71
cannon=0e 72=0e72
cannon=0e 8b=0e8b
cannon=0e 8c=0e8c
cannon=0e 8d=0e8d
cannon=0e 8e=0e8e
cannon=0e 8f=0e8f
cannon=0e 90=0e90
cannon=0e 91=0e91
cannon=0e 92=0e92
cannon=0e 93=0e93
cannon=0e 94=0e94
cannon=0e 95=0e95
cannon=0e 96=0e96
}
Statues
{
statue=12 24=1224
statue=12 25=1225
statue=12 26=1226
statue=12 27=1227
statue=12 28=1228
statue=12 9f=129f
statue=12 a0=12a0
statue=12 a1=12a1
statue=12 a2=12a2
statue=12 a3=12a3
statue=12 a4=12a4
statue=12 ae=12ae
statue=12 af=12af
statue=12 b0=12b0
statue=12 d5=12d5
statue=12 d6=12d6
statue=12 d7=12d7
statue=12 d8=12d8
statue=12 d9=12d9
statue=13 9a=139a
statue=13 9b=139b
statue=13 9c=139c
statue=13 9d=139d
statue=13 9e=139e
statue=13 9f=139f
statue=13 a0=13a0
statue=13 a1=13a1
statue=13 a2=13a2
statue=13 a3=13a3
statue=1f 18=1f18
statue=2a 9e=2a9e
statue=2a 9f=2a9f
statue=2a a0=2aa0
}