format=S

Dead/Garbage plants
{
fallen log1A=$item_fallen_log1A=0cf3
fallen log1B=$item_fallen_log1B=0cf4
fallen log2A=$item_fallen_log2A=0cf5
fallen log2B=$item_fallen_log2B=0cf6
fallen log2C=$item_fallen_log2C=0cf7
stump=$item_stump1_1=0e56
stump=$item_stump2_1=0e57
kindling1=$item_kindling1=0de1
kindling2=$item_kindling2=0de2
twig=$item_twig1_1=0f31
twigs1=$item_twigs1=1b81
twigs2=$item_twigs2=1b9b
twigs3=$item_twigs3=1b9c
twigs4=$item_twigs4=1b9d
twigs5=$item_twigs5=1b9e
wood1=$item_wood1=1b82
wood2=$item_wood2=1b83
wood3=$item_wood3=1b84
wood4=$item_wood4=1b85
wood5=$item_wood5=1b86
wood6=$item_wood6=1b87
wood7=$item_wood7=1b88
wood8=$item_wood8=1b89
wood9=$item_wood9=1b8a
wood10=$item_wood10=1b8b
wood11=$item_wood11=1b8c
wood12=$item_wood12=1b8d
wood13=$item_wood13=1b8e
wood14=$item_wood14=1b8f
wood15=$item_wood15=1b90
wood16=$item_wood16=1b91
wood17=$item_wood17=1b92
wood18=$item_wood18=1b93
wood19=$item_wood19=1b97
wood20=$item_wood20=1b98
wood21=$item_wood21=1b99
wood22=$item_wood22=1b9a
fallen branch=$item_fallen_branch1=0d3b
fallen branch=$item_fallen_branch2=0d3c
fallen branch3=$item_fallen_branch3=0d3d
brambles=$item_brambles1_1=0d3f
palm stump=$item_palm_stump1_1=0dac
loose grain=$item_loose_grain=1449
muck=$item_muck1=0Cc3
muck2=$item_muck2=0Cc5
muck3=$item_muck3=0Cc6
weed=$item_weed=0Cc7
}
potted plants
{
small flower=$item_small_flower_pot=11c6
potted orfluer=$item_potted_orfluer=11cb
potted plant=$item_potted_plant=11cb
potted cactus1=$item_potted_cactus1=1E0F
potted cactus2=$item_potted_cactus2=1E10
big flower_pot=$item_big_flower_pot=11c7
potted plant2=$item_potted_plant2=11c8
potted tree=$item_potted_tree=11c9
potted foxglove=$item_potted_foxglove=11ca
potted cactus3=$item_potted_cactus3=1E11
potted cactus4=$item_potted_cactus4=1E12
potted cactus5=$item_potted_cactus5=1E13
potted cactus6=$item_potted_cactus6=1E14
}
Planted
{
Deco
{
hedge=$item_hedge1_1=0C8F
hedge=$item_hedge2_1=0C91
hedge=$item_hedge3_1=0db9
juniper bush=$item_juniper_bush=0CC8
tuscany pine=$item_tuscany_pine2=1b7e
vines=$item_vines1_1=0Cee
vines=$item_vines2_1=0Cec
vines=$item_vines3_1=0Ced
vines=$item_vines4_1=0Ceb
egg nest=$item_egg_nest1=1ad4
egg nest=$item_egg_nest2=18eb
christmas tree=$item_christmas_tree=0CD6
christmas needles=$item_christmas_needles=0CD7
}
tree/bush
{
coconut palm=$item_coconut_palm=0C95
banana plant=$item_banana_plant=0CA8
banana plant=$item_banana_plant2=0CAa
banana plant3=$item_banana_plant3=0CAb
apple trunk=$item_apple_trunk1=0d94
apple leaves=$item_apple_leaves=0d95
apple leaves=$item_apple_leaves1_2=0d96
apple leaves=$item_apple_leaves1_3=0d97
apple trunk2=$item_apple_trunk2=0d98
apple leaves=$item_apple_leaves=0d99
apple leaves=$item_apple_leaves=0d9a
apple leaves=$item_apple_leaves2_3=0d9b
peach trunk=$item_peach_trunk1=0d9c
peach leaves=$item_peach_leaves=0d9d
peach leaves=$item_peach_leaves1_2=0d9e
peach leaves=$item_peach_leaves1_3=0d9f
peach trunk2=$item_peach_trunk2=0da0
peach leaves=$item_peach_leaves=0da1
peach leaves=$item_peach_leaves=0da2
peach leaves=$item_peach_leaves2_3=0da3
pear trunk=$item_pear_trunk1=0da4
pear leaves=$item_pear_leaves=0da5
pear leaves=$item_pear_leaves1_2=0da6
pear leaves=$item_pear_leaves1_3=0da7
pear trunk=$item_pear_trunk2=0da8
pear leaves=$item_pear_leaves=0da9
pear leaves=$item_pear_leaves=0daa
pear leaves=$item_pear_leaves2_3=0dab
}
Climbing
{
hops=$item_hops1_1=1a9e
hops=$item_hops2_1=1a9f
hops3=$item_hops3=1aa2
grape vines=$item_grape_vines1_1=0d1b
grape vines=$item_grape_vines2_1=0d1c
grape vines3=$item_grape_vines3_1=0d1d
grape vines4=$item_grape_vines4_1=0d1e
grape vines5=$item_grape_vines5_1=0d1f
}
Grain
{
sprouts=$item_sprouts=0c68
sprouts=$item_sprouts_2=0c69
cotton=$item_cotton1_1=0c51
cotton=$item_cotton2_1=0c53
cotton=$item_cotton3_1=0c4f
flax=item_flax1=1a99
flax=item_flax2=1a9a
flax=item_flax3=1a9b
flax bundle=$item_flax_bundle1_1=1a9c
wheat=$item_wheat1A=1ebe
wheat=$item_wheat1B=1ebf
wheat=$item_wheat2A=0c55
wheat=$item_wheat2B=0c56
wheat=$item_wheat2C=0c57
wheat=$item_wheat2D=0c59
wheat=$item_wheat3A=0c58
wheat=$item_wheat3B=0c5b
wheat=$item_wheat4A=0daf
wheat=$item_wheat4B=0dae
ears of_corn=$item_ears_of_corn1=0c7e
ears of_corn=$item_ears_of_corn2=0c7d
ears of_corn3=$item_ears_of_corn3_1=0C7F
hay=$item_hay1_1=1a95
hay=$item_hay2_1=1a94
hay=$item_hay3=1a92
hay=$item_hay4_1=0F34
}
Vegetable
{
turnip=$item_turnip1=0c61
turnip=$item_turnip2_1=0c62
turnip=$item_turnip3_1=0d39
pumpkin=$item_pumpkin1=0c6c
pumpkin=$item_pumpkin2_1=0c6a
onions=$item_onions2_1=0c6f
onions=$item_onions1=0c6e
carrots=$item_carrots1=0c76
carrots=$item_carrots2_1=0C77
watermelons=$item_watermelons=0c5d
watermelons=$item_watermelons_2=0C5c
gourd=$item_gourd1_1=0c66
gourd=$item_gourd2_1=0c65
lettuce=$item_lettuce1_1=0c70
squash=$item_squash1_1=0C72
squash=$item_squash1_2=0C73
honeydew melons=$item_honeydew_melons1_1=0C74
canteloupes=$item_canteloupes1_1=0C79
heads of_cabbage=$item_heads_of_cabbage1_1=0C7B
}
dried
{
dried flowers=$item_dried flowers1_1=0c3b
dried flowers=$item_dried_flowers2_1=0c3d
dried herbs=$item_dried_herbs1_2=0c42
dried onions=$item_dried_onions1_2=0c40
wheat sheaves=$item_wheat_sheaves=1ebd
sheaf of hay=$item_sheaf_of_hay1_1=0F36
}
Tools
{
plough=$item_plough1_1=1500
plough=$item_plough2_1=1501
harrow=$item_harrow1_1=1504
harrow=$item_harrow2_1=1505
scarecrow=$item_scarecrow1_1=1e34
seed=$item_seed=0dcf
bowl with_soil=$item_bowl_with_soil1=1602
bowl with_soil=$item_bowl_with_soil2=1602
dirt patch=$item_dirt_patch=0913
vibrant bowl=$item_vibrant_bowl=1602
}
}
Wild
{
eat/magic
{
mandrake=$item_mandrake1_1=18df
mandrake=$item_mandrake2_1=18dd
garlic=$item_garlic1_1=18e1
nightshade=$item_nightshade1_1=18e5
nightshade=$item_nightshade2_1=18e7
ginseng=$item_ginseng1_1=18e9
ginseng=$item_ginseng2_1=18eb
}
Flowers
{
flowers=$item_flowers=0c37
flowers=$item_flowers2=0c38
flowers=$item_flowers3=0c45
flowers=$item_flowers4=0c46
flowers=$item_flowers5=0c47
flowers=$item_flowers7=0c48
flowers=$item_flowers8=0c49
flowers=$item_flowers9=0c4a
flowers=$item_flowers10=0c4b
flowers=$item_flowers11=0c4c
flowers=$item_flowers12=0c4d
flowers=$item_flowers13=0c4e
flowers=$item_flowers14=0d29
flowers=$item_flowers15=0d2b
flowers=$item_flowers16=0d2d
flowers=$item_flowers17=0d2f
flowers=$item_flowers18=0d36
campion flowers=$item_campion_flowers=0C87
campion flowers=$item_campion_flowers2=0C89
campion flowers=$item_campion_flowers3=0C83
foxglove flowers=$item_foxglove_flowers1_1=0C84
orfluer flowers=$item_orfluer_flowers1=0C85
orfluer flowers=$item_orfluer_flowers2=0Cc0
orfluer flowers=$item_orfluer_flowers3=0Cc1
red poppies=$item_red_poppies1=0Cbe
red poppies=$item_red_poppies2=0Cbf
red poppies3=$item_red_poppies3=0C86
snow drops=$item_snow_drops1=0C8e
snow drops=$item_snow_drops2=0C88
snow drops3=$item_snow_drops3=0C8d
morning glory=$item_morning_glory=0d34
morning glory=$item_morning_glory2=1f0d
morning glory=$item_morning_glory3=1f0e
morning glory=$item_morning_glory4=1f0f
morning glory=$item_morning_glory5=1f10
morning glory=$item_morning_glory6=1f11
morning glory=$item_morning_glory7=1f12
}
Trees
{
cypress trunk=$item_cypress_trunk1=0cf8
cypress leaves=$item_cypress_leaves=0cf9
cypress leaves=$item_cypress_leaves1_2=0cfa
cypress trunk=$item_cypress_trunk2=0cfb
cypress leaves=$item_cypress_leaves=0cfc
cypress leaves=$item_cypress_leaves=0cfd
cypress trunk3=$item_cypress_trunk3=0cfe
cypress leaves3_=$item_cypress_leaves3_1=0cff
cypress leaves3_=$item_cypress_leaves3_2=0d00
cypress trunk4=$item_cypress_trunk4=0d01
cypress leaves4_=$item_cypress_leaves4_1=0d02
cypress leaves4_=$item_cypress_leaves4_2=0d03
trunk1=$item_trunk1=0cca
trunk2=$item_trunk2=0ccb
trunk3=$item_trunk3=0ccc
trunk4=$item_trunk4=0ccd
leaves4 =$item_leaves4_1=0cce
leaves4 =$item_leaves4_2=0ccf
trunk5=$item_trunk5=0cd0
leaves5 =$item_leaves5_1=0cd1
leaves5 =$item_leaves5_2=0cd2
trunk6=$item_trunk6=0cd3
leaves6 =$item_leaves6_1=0cd4
leaves6 =$item_leaves6_2=0cd5
cedar trunk=$item_cedar_trunk1=0cd6
cedar needles=$item_cedar_needles1=0cd7
cedar trunk=$item_cedar_trunk2=0cd8
cedar needles=$item_cedar_needles2=0cd9
oak trunk=$item_oak_trunk1=0cda
oak leaves=oak_leaves=0cdb
oak leaves=$item_oak_leaves1_2=0cdc
oak trunk=$item_oak_trunk2=0cdd
oak leaves=oak_leaves=0cde
oak leaves=oak_leaves=0cdf
walnut trunk=$item_walnut_trunk1=0ce0
walnut leaves=walnut_leaves=0ce1
walnut leaves=$item_walnut_leaves1_2=0ce2
walnut trunk=$item_walnut_trunk2=0ce3
walnut leaves=walnut_leaves=0ce4
walnut leaves=walnut_leaves=0ce5
willow trunk=$item_willow_trunk1=0ce6
willow leaves=willow_leaves=0ce7
willow leaves=$item_willow_leaves1_2=0ce8
sapling=$item_sapling=0ce9
sapling1 =$item_sapling1_2=0cea
Yew trunk=$item_Yew_trunk1=12b5
Yew trunk=$item_Yew_trunk2=12b6
Yew trunk3=$item_Yew_trunk3=12b7
Yew trunk4=$item_Yew_trunk4=12b8
Yew trunk5=$item_Yew_trunk5=12b9
Yew trunk6=$item_Yew_trunk6=12ba
Yew trunk7=$item_Yew_trunk7=12bb
Yew trunk8=$item_Yew_trunk8=12bc
Yew trunk9=$item_Yew_trunk9=12bd
Yew leaves=$item_Yew_leaves1=12be
Yew leaves=$item_Yew_leaves2=12bf
Yew leaves3=$item_Yew_leaves3=12c0
Yew leaves4=$item_Yew_leaves4=12c1
Yew leaves5=$item_Yew_leaves5=12c2
Yew leaves6=$item_Yew_leaves6=12c3
Yew leaves7=$item_Yew_leaves7=12c4
Yew leaves8=$item_Yew_leaves8=12c5
Yew leaves9=$item_Yew_leaves9=12c6
Yew leaves10=$item_Yew_leaves10=12c7
jungle trunk1A=$item_jungle_trunk1A=0d41
jungle trunk1B=$item_jungle_trunk1B=0d42
jungle trunk1C=$item_jungle_trunk1C=0d43
jungle trunk1D=$item_jungle_trunk1D=0d44
jungle leaves1A=$item_jungle_leaves1A=0d45
jungle leaves1B=$item_jungle_leaves1B=0d46
jungle leaves1C=$item_jungle_leaves1C=0d47
jungle leaves1D=$item_jungle_leaves1D=0d48
jungle leaves1E=$item_jungle_leaves1E=0d49
jungle leaves1F=$item_jungle_leaves1F=0d4a
jungle leaves1G=$item_jungle_leaves1G=0d4b
jungle leaves1H=$item_jungle_leaves1H=0d4c
jungle leaves2A=$item_jungle_leaves2A=0d4d
jungle leaves2B=$item_jungle_leaves2B=0d4e
jungle leaves2C=$item_jungle_leaves2C=0d4f
jungle leaves2D=$item_jungle_leaves2D=0d50
jungle leaves2E=$item_jungle_leaves2E=0d51
jungle leaves2F=$item_jungle_leaves2F=0d52
jungle leaves2G=$item_jungle_leaves2G=0d53
jungle trunk3A=$item_jungle_trunk3A=0d57
jungle trunk3B=$item_jungle_trunk3B=0d58
jungle trunk3C=$item_jungle_trunk3C=0d59
jungle trunk3D=$item_jungle_trunk3D=0d5a
jungle trunk3E=$item_jungle_trunk3E=0d5b
jungle leaves3A=$item_jungle_leaves3A=0d5c
jungle leaves3B=$item_jungle_leaves3B=0d5d
jungle leaves3C=$item_jungle_leaves3C=0d5e
jungle leaves3D=$item_jungle_leaves3D=0d5f
jungle leaves3E=$item_jungle_leaves3E=0d60
jungle leaves3F=$item_jungle_leaves3F=0d61
jungle leaves3G=$item_jungle_leaves3G=0d62
jungle leaves4A=$item_jungle_leaves4A=0d63
jungle leaves4B=$item_jungle_leaves4B=0d64
jungle leaves4C=$item_jungle_leaves4C=0d65
jungle leaves4D=$item_jungle_leaves4D=0d66
jungle leaves4E=$item_jungle_leaves4E=0d67
jungle leaves4F=$item_jungle_leaves4F=0d68
jungle leaves4G=$item_jungle_leaves4G=0d69
jungle trunk5A=$item_jungle_trunk5A=0d6e
jungle trunk5B=$item_jungle_trunk5B=0d6f
jungle trunk5C=$item_jungle_trunk5C=0d70
jungle trunk5D=$item_jungle_trunk5D=0d71
jungle trunk5E=$item_jungle_trunk5E=0d72
jungle leaves5A=$item_jungle_leaves5A=0d73
jungle leaves5B=$item_jungle_leaves5B=0d74
jungle leaves5C=$item_jungle_leaves5C=0d75
jungle leaves5D=$item_jungle_leaves5D=0d76
jungle leaves5E=$item_jungle_leaves5E=0d77
jungle leaves5F=$item_jungle_leaves5F=0d78
jungle leaves5G=$item_jungle_leaves5G=0d79
jungle leaves6A=$item_jungle_leaves6A=0d7a
jungle leaves6B=$item_jungle_leaves6B=0d7b
jungle leaves6C=$item_jungle_leaves6C=0d7c
jungle leaves6D=$item_jungle_leaves6D=0d7d
jungle leaves6E=$item_jungle_leaves6E=0d7e
jungle leaves6F=$item_jungle_leaves6F=0d7f
jungle trunk7A=$item_jungle_trunk7A=0d84
jungle trunk7B=$item_jungle_trunk7B=0d85
jungle trunk7C=$item_jungle_trunk7C=0d86
jungle leaves7A=$item_jungle_leaves7A=0d87
jungle leaves7B=$item_jungle_leaves7B=0d88
jungle leaves7C=$item_jungle_leaves7C=0d89
jungle leaves7D=$item_jungle_leaves7D=0d8a
jungle leaves7E=$item_jungle_leaves7E=0d8b
jungle leaves8A=$item_jungle_leaves8A=0d8c
jungle leaves8B=$item_jungle_leaves8B=0d8d
jungle leaves8C=$item_jungle_leaves8C=0d8e
jungle leaves8D=$item_jungle_leaves8D=0d8f
jungle leaves8E=$item_jungle_leaves8E=0d90
}
Special
{
blade plant=$item_blade_plant=0C93
bulrushes=$item_bulrushes=0C94
date palm=$item_date_palm=0C96
elephant ear=$item_elephant_ear=0C97
fan plant=$item_fan_plant=0C98
ohii tree=$item_ohii_tree=0C9e
fern=$item_fern1=0C9f
fern2=$item_fern2=0Ca0
fern3=$item_fern3=0Ca2
fern4=$item_fern4=0Ca3
fern5=$item_fern5=0Ca4
large fern=$item_large_fern=0CA1
ponytail palm=$item_ponytail_palm=0CA6
rushes=$item_rushes=0CA7
snake plant=$item_snake_plant=0CA9
spider tree=$item_spider_tree=0CC9
}
Mushrooms
{
mushrooms=$item_mushrooms_1=0d0c
mushrooms=$item_mushrooms_2=0d0d
mushrooms=$item_mushrooms_3=0d0e
mushrooms=$item_mushrooms_4=0d0f
mushrooms=$item_mushrooms_5=0d10
mushrooms=$item_mushrooms_6=0d11
mushrooms=$item_mushrooms_7=0d12
mushrooms=$item_mushrooms_8=0d13
mushrooms=$item_mushrooms_9=0d14
mushrooms=$item_mushrooms_10=0d15
mushroom=$item_mushroom_1=0d16
mushroom=$item_mushroom_2=0d17
mushroom=$item_mushroom_3=0d18
mushroom=$item_mushroom_4=0d19
mushroom5=$item_mushroom5=1125
}
Grasses
{
grasses=$item_grasses1_1=0CAc
grasses=$item_grasses2_1=0CAe
grasses=$item_grasses3_1=0Cb0
grasses=$item_grasses4_1=0Cb1
grasses=$item_grasses5_1=0Cb2
grasses=$item_grasses6=0Cbb
grasses=$item_grasses7_1=0Cbc
grasses=$item_grasses8_1=0d32
grasses=$item_grasses9_1=1782
grasses=$item_grasses10_1=1786
}
Water&Desert
{
water plants=$item_water_plants=0d04
reeds=$item_reeds=0d05
lily pads=$item_lily_pads1_1=0d06
lily pads=$item_lily_pads2_1=0d09
cattails=$item_cattails1_1=0Cb7
cattails=$item_cattails2_1=0Cb9
seaweed=$item_seaweed1_1=0dba
cactus=$item_cactus1_1=0d26
cactus=$item_cactus2_1=0d28
cactus=$item_cactus3_1=0d28
cactus=$item_cactus4=0d35
century plant=$item_century_plant1_1=0d30
pampas grass=$item_pampas_grass1=0CA5
pampas grass=$item_pampas_grass2=0Cc4
yucca=$item_yucca1_1=0d37
small palm=$item_small_palm=0c9a
small palm=$item_small_palm_2=0c9c
small palm=$item_small_palm_3=0c9b
small palm=$item_small_palm_4=0c9d
small palm=$item_small_palm_5=0c99
}
}
