format=S

Red Stone
{
stone roof=$item_stone_roof_1=0554
stone roof=$item_stone_roof_2=0555
stone roof=$item_stone_roof_3=0556
stone roof=$item_stone_roof_4=0557
stone roof=$item_stone_roof_9=055C
stone roof=$item_stone_roof_10=055D
stone roof=$item_stone_roof_11=055E
stone roof=$item_stone_roof_12=055F
stone roof=$item_stone_roof_13=0560
stone roof=$item_stone_roof_14=0561
stone roof=$item_stone_roof_15=0562
stone roof=$item_stone_roof_16=0563
stone roof=$item_stone_roof_17=0564
stone roof=$item_stone_roof_18=0565
stone roof=$item_stone_roof_19=0566
stone roof=$item_stone_roof_20=0567
stone roof=$item_stone_roof_21=0568
stone roof=$item_stone_roof_22=0569
stone roof=$item_stone_roof_47=062F
stone roof=$item_stone_roof_48=0630
stone roof=$item_stone_roof_49=0631
stone roof=$item_stone_roof_50=0632
stone roof=$item_stone_roof_63=0656
stone roof=$item_stone_roof_64=0657
}
White Stone
{
stone roof=$item_stone_roof_5=0558
stone roof=$item_stone_roof_6=0559
stone roof=$item_stone_roof_7=055A
stone roof=$item_stone_roof_8=055B
stone roof=$item_stone_roof_71=0550
stone roof=$item_stone_roof_24=056B
stone roof=$item_stone_roof_25=056C
stone roof=$item_stone_roof_26=056D
stone roof=$item_stone_roof_27=056E
stone roof=$item_stone_roof_28=056F
stone roof=$item_stone_roof_29=0570
stone roof=$item_stone_roof_30=0571
stone roof=$item_stone_roof_31=0572
stone roof=$item_stone_roof_32=0573
stone roof=$item_stone_roof_33=0574
stone roof=$item_stone_roof_34=0575
stone roof=$item_stone_roof_35=0576
stone roof=$item_stone_roof_36=0577
stone roof=$item_stone_roof_37=0578
stone roof=$item_stone_roof_43=062B
stone roof=$item_stone_roof_44=062C
stone roof=$item_stone_roof_45=062D
stone roof=$item_stone_roof_46=062E
stone roof=$item_stone_roof_69=065C
stone roof=$item_stone_roof_70=065D
}
Grey Stone
{
stone roof=$item_stone_roof_38=0579
stone roof=$item_stone_roof_39=057A
stone roof=$item_stone_roof_40=057B
stone roof=$item_stone_roof_41=057C
stone roof=$item_stone_roof_42=057D
stone roof=$item_stone_roof_43=057E
stone roof=$item_stone_roof_61=0654
stone roof=$item_stone_roof_62=0655
}
Pink Stone
{
stone roof=$item_stone_roof_51=0637
stone roof=$item_stone_roof_52=0638
stone roof=$item_stone_roof_53=0639
stone roof=$item_stone_roof_54=063A
stone roof=$item_stone_roof_67=065A
stone roof=$item_stone_roof_68=065B
}
Light Blue Stone
{
stone roof=$item_stone_roof_55=063B
stone roof=$item_stone_roof_56=063C
stone roof=$item_stone_roof_57=063D
stone roof=$item_stone_roof_58=063E
stone roof=$item_stone_roof_59=0652
stone roof=$item_stone_roof_60=0653
}
Slate flat
{
slate roof=$item_stone_roof_65=0658
slate roof=$item_stone_roof_66=0659
slate roof=$item_slate_roof_1=057F
slate roof=$item_slate_roof_2=0580
slate roof=$item_slate_roof_3=0581
slate roof=$item_slate_roof_4=0582
slate roof=$item_slate_roof_5=0583
slate roof=$item_slate_roof_6=0584
slate roof=$item_slate_roof_7=0585
}
Slate
{
slate roof=$item_slate_roof_8=0595
slate roof=$item_slate_roof_9=0596
slate roof=$item_slate_roof_10=0597
slate roof=$item_slate_roof_11=0598
slate roof=$item_slate_roof_12=0599
slate roof=$item_slate_roof_13=059A
slate roof=$item_slate_roof_14=059B
slate roof=$item_slate_roof_15=059C
slate roof=$item_slate_roof_16=059D
slate roof=$item_slate_roof_17=059E
slate roof=$item_slate_roof_18=059F
slate roof=$item_slate_roof_19=05A0
slate roof=$item_slate_roof_20=05A1
slate roof=$item_slate_roof_21=05A2
slate roof=$item_slate_roof_22=05A3
}
Palm
{
palm roof=$item_palm_roof_1=0586
palm roof=$item_palm_roof_2=0587
palm roof=$item_palm_roof_3=0588
palm roof=$item_palm_roof_4=0589
palm roof=$item_palm_roof_5=058A
palm roof=$item_palm_roof_6=058B
palm roof=$item_palm_roof_7=058C
palm roof=$item_palm_roof_8=058D
palm roof=$item_palm_roof_9=058E
palm roof=$item_palm_roof_10=058F
palm roof=$item_palm_roof_11=0590
palm roof=$item_palm_roof_12=0591
palm roof=$item_palm_roof_13=0592
palm roof=$item_palm_roof_14=0593
palm roof=$item_palm_roof_15=0594
}
Palm round
{
palm roof=$item_palm_roof_16=05D1
palm roof=$item_palm_roof_17=05D2
palm roof=$item_palm_roof_18=05D3
palm roof=$item_palm_roof_19=05D4
palm roof=$item_palm_roof_20=05D6
palm roof=$item_palm_roof_21=05D7
palm roof=$item_palm_roof_22=05D8
palm roof=$item_palm_roof_23=05D9
palm roof=$item_palm_roof_24=05DA
palm roof=$item_palm_roof_25=05DB
palm roof=$item_palm_roof_26=05DC
palm roof=$item_palm_roof_27=05DD
palm roof=$item_palm_roof_28=05DE
palm roof=$item_palm_roof_29=05DF
palm roof=$item_palm_roof_30=05E0
palm roof=$item_palm_roof_31=05E1
palm roof=$item_palm_roof_32=05E2
palm roof=$item_palm_roof_33=05E3
palm roof=$item_palm_roof_34=05E4
palm roof=$item_palm_roof_35=05E5
palm roof=$item_palm_roof_36=05E6
palm roof=$item_palm_roof_37=05E7
palm roof=$item_palm_roof_38=05E8
palm roof=$item_palm_roof_39=05E9
palm roof=$item_palm_roof_40=05EA
palm roof=$item_palm_roof_41=05EB
palm roof=$item_palm_roof_42=05EC
}
Thatch
{
thatch roof=$item_thatch_roof_1=05A4
thatch roof=$item_thatch_roof_2=05A5
thatch roof=$item_thatch_roof_3=05A6
thatch roof=$item_thatch_roof_4=05A7
thatch roof=$item_thatch_roof_5=05A8
thatch roof=$item_thatch_roof_6=05A9
thatch roof=$item_thatch_roof_7=05AA
thatch roof=$item_thatch_roof_8=05AB
thatch roof=$item_thatch_roof_9=05AC
thatch roof=$item_thatch_roof_10=05AD
thatch roof=$item_thatch_roof_11=05AE
thatch roof=$item_thatch_roof_12=05AF
thatch roof=$item_thatch_roof_13=05B0
thatch roof=$item_thatch_roof_14=05B1
thatch roof=$item_thatch_roof_15=05B2
}
Tile
{
tile roof=$item_tile_roof_1=05B3
tile roof=$item_tile_roof_2=05B4
tile roof=$item_tile_roof_3=05B5
tile roof=$item_tile_roof_4=05B6
tile roof=$item_tile_roof_5=05B7
tile roof=$item_tile_roof_6=05B8
tile roof=$item_tile_roof_7=05B9
tile roof=$item_tile_roof_8=05BA
tile roof=$item_tile_roof_9=05BB
tile roof=$item_tile_roof_10=05BC
tile roof=$item_tile_roof_11=05BD
tile roof=$item_tile_roof_12=05BE
tile roof=$item_tile_roof_13=05BF
tile roof=$item_tile_roof_14=05C0
tile roof=$item_tile_roof_15=05C1
tile roof=$item_tile_roof_16=05C2
tile roof=$item_tile_roof_17=05C3
tile roof=$item_tile_roof_18=05C4
tile roof=$item_tile_roof_19=05C5
tile roof=$item_tile_roof_20=05C6
tile roof=$item_tile_roof_21=05C7
tile roof=$item_tile_roof_22=05C8
tile roof=$item_tile_roof_23=05C9
tile roof=$item_tile_roof_24=05CA
tile roof=$item_tile_roof_25=05CB
tile roof=$item_tile_roof_26=05CC
tile roof=$item_tile_roof_27=05CD
tile roof=$item_tile_roof_28=05CE
tile roof=$item_tile_roof_29=05CF
tile roof=$item_tile_roof_30=05D0
}
Log
{
log roof=$item_log_roof_1=05F0
log roof=$item_log_roof_2=05F1
log roof=$item_log_roof_3=05F2
log roof=$item_log_roof_4=05F3
log roof=$item_log_roof_5=05F4
log roof=$item_log_roof_6=05F5
log roof=$item_log_roof_7=05F6
log roof=$item_log_roof_8=05F7
log roof=$item_log_roof_9=05F8
log roof=$item_log_roof_10=05F9
log roof=$item_log_roof_11=05FA
log roof=$item_log_roof_12=05FB
log roof=$item_log_roof_13=05FC
log roof=$item_log_roof_14=05FD
log roof=$item_log_roof_15=05FE
}
Tent blue
{
tent roof=$item_tent_roof_1=05FF
tent roof=$item_tent_roof_2=0600
tent roof=$item_tent_roof_3=0601
tent roof=$item_tent_roof_4=0602
tent roof=$item_tent_roof_5=0603
tent roof=$item_tent_roof_6=0604
tent roof=$item_tent_roof_7=0605
tent roof=$item_tent_roof_8=0606
tent roof=$item_tent_roof_9=0607
tent roof=$item_tent_roof_10=0608
tent roof=$item_tent_roof_11=0609
tent roof=$item_tent_roof_12=060A
tent roof=$item_tent_roof_13=060B
tent roof=$item_tent_roof_14=060C
tent roof=$item_tent_roof_15=060D
tent roof=$item_tent_roof_16=060E
tent roof=$item_tent_roof_17=060F
tent roof=$item_tent_roof_18=0610
tent roof=$item_tent_roof_19=0611
tent roof=$item_tent_roof_20=0612
tent roof=$item_tent_roof_21=0613
tent roof=$item_tent_roof_22=0614
tent roof=$item_tent_roof_23=0615
tent roof=$item_tent_roof_24=0616
tent roof=$item_tent_roof_46=0634
tent roof=$item_tent_roof_45=0633
tent roof=$item_tent_roof_53=064C
tent roof=$item_tent_roof_54=064D
tent roof=$item_tent_roof_55=064E
}
Tent green
{
tent roof=$item_tent_roof_25=0617
tent roof=$item_tent_roof_26=0618
tent roof=$item_tent_roof_27=0619
tent roof=$item_tent_roof_28=061A
tent roof=$item_tent_roof_29=061B
tent roof=$item_tent_roof_30=061C
tent roof=$item_tent_roof_31=061D
tent roof=$item_tent_roof_32=061E
tent roof=$item_tent_roof_33=061F
tent roof=$item_tent_roof_34=0620
tent roof=$item_tent_roof_35=0621
tent roof=$item_tent_roof_36=0622
tent roof=$item_tent_roof_37=0623
tent roof=$item_tent_roof_38=0624
tent roof=$item_tent_roof_39=0625
tent roof=$item_tent_roof_40=0626
tent roof=$item_tent_roof_41=0627
tent roof=$item_tent_roof_42=0628
tent roof=$item_tent_roof_43=0629
tent roof=$item_tent_roof_44=062A
tent roof=$item_tent_roof_47=0635
tent roof=$item_tent_roof_48=0636
tent roof=$item_tent_roof_56=064F
tent roof=$item_tent_roof_57=0650
tent roof=$item_tent_roof_58=0651
}
Tent grey
{
tent roof=$item_tent_roof_49=0648
tent roof=$item_tent_roof_50=0649
tent roof=$item_tent_roof_51=064A
tent roof=$item_tent_roof_52=064B
tent roof=$item_tent_roof_57=065E
tent roof=$item_tent_roof_58=065F
tent roof=$item_tent_roof_59=0660
tent roof=$item_tent_roof_60=0661
tent roof=$item_tent_roof_61=0662
tent roof=$item_tent_roof_62=0663
tent roof=$item_tent_roof_63=0664
tent roof=$item_tent_roof_64=0665
tent roof=$item_tent_roof_65=0666
tent roof=$item_tent_roof_66=0667
tent roof=$item_tent_roof_67=0668
tent roof=$item_tent_roof_68=0669
tent roof=$item_tent_roof_69=066A
tent roof=$item_tent_roof_70=066B
tent roof=$item_tent_roof_71=066C
tent roof=$item_tent_roof_72=066D
tent roof=$item_tent_roof_73=066E
tent roof=$item_tent_roof_74=066F
tent roof=$item_tent_roof_75=0670
tent roof=$item_tent_roof_76=0671
tent roof=$item_tent_roof_77=0672
tent roof=$item_tent_roof_78=0673
tent roof=$item_tent_roof_79=0674
}