format=S

Marble
{
marble stairs=$item_marble_stairs_1=0709
marble stairs=$item_marble_stairs_2=070A
marble stairs=$item_marble_stairs_3=070B
marble stairs=$item_marble_stairs_4=070C
marble stairs=$item_marble_stairs_5=070D
marble stairs=$item_marble_stairs_6=070E
marble stairs=$item_marble_stairs_7=070F
marble stairs=$item_marble_stairs_8=0710
marble stairs=$item_marble_stairs_9=0711
marble stairs=$item_marble_stairs_10=0712
marble stairs=$item_marble_stairs_11=0713
marble stairs=$item_marble_stairs_12=0714
marble stairs=$item_marble_stairs_13=0715
marble stairs=$item_marble_stairs_14=0716
marble stairs=$item_marble_stairs_15=0717
marble stairs=$item_marble_stairs_16=0718
marble stairs=$item_marble_stairs_17=0719
marble stairs=$item_marble_stairs_18=071A
marble stairs=$item_marble_stairs_19=071B
marble stairs=$item_marble_stairs_20=071C
marble stairs=$item_marble_stairs_21=071D
}
Stone
{
stone stairs=$item_stone_stairs1_1=071E
stone stairs=$item_stone_stairs1_2=071F
stone stairs=$item_stone_stairs1_3=0736
stone stairs=$item_stone_stairs1_4=0737
stone stairs=$item_stone_stairs1_5=0749
stone stairs=$item_stone_stairs1_6=074A
stone stairs=$item_stone_stairs1_7=074B
stone stairs=$item_stone_stairs1_8=074C
stone stairs=$item_stone_stairs1_9=074D
stone stairs=$item_stone_stairs1_10=074E
stone stairs=$item_stone_stairs1_11=074F
stone stairs=$item_stone_stairs1_26=0782
stone stairs=$item_stone_stairs1_27=0783
stone stairs=$item_stone_stairs1_28=07A0
stone stairs=$item_stone_stairs1_29=07A1
stone stairs=$item_stone_stairs1_30=07A2
stone stairs=$item_stone_stairs1_31=07DA
stone stairs=$item_stone_stairs1_32=07DF
stone stairs=$item_stone_stairs1_33=07E0
}
Stone 2
{
stone stairs=$item_stone_stairs2_1=0750
stone stairs=$item_stone_stairs2_2=0751
stone stairs=$item_stone_stairs2_3=0752
stone stairs=$item_stone_stairs2_4=0753
stone stairs=$item_stone_stairs2_5=0754
stone stairs=$item_stone_stairs2_6=0755
stone stairs=$item_stone_stairs2_7=0756
stone stairs=$item_stone_stairs2_8=0757
stone stairs=$item_stone_stairs2_9=0758
stone stairs=$item_stone_stairs2_10=0759
stone stairs=$item_stone_stairs2_11=075A
stone stairs=$item_stone_stairs2_12=075B
stone stairs=$item_stone_stairs2_13=075C
stone stairs=$item_stone_stairs2_14=075D
stone stairs=$item_stone_stairs2_15=075E
stone stairs=$item_stone_stairs2_16=075F
stone stairs=$item_stone_stairs2_17=0760
stone stairs=$item_stone_stairs2_18=0761
stone stairs=$item_stone_stairs2_19=0762
stone stairs=$item_stone_stairs2_20=0763
stone stairs=$item_stone_stairs2_21=0764
stone stairs=$item_stone_stairs2_22=0765
stone stairs=$item_stone_stairs2_23=0766
stone stairs=$item_stone_stairs2_24=0767
stone stairs=$item_stone_stairs2_25=0768
}
Stone 3
{
stone stairs=$item_stone_stairs3_1=0784
stone stairs=$item_stone_stairs3_2=0785
stone stairs=$item_stone_stairs3_3=0786
stone stairs=$item_stone_stairs3_4=0787
stone stairs=$item_stone_stairs3_5=0788
stone stairs=$item_stone_stairs3_6=0789
stone stairs=$item_stone_stairs3_7=078A
stone stairs=$item_stone_stairs3_8=078B
stone stairs=$item_stone_stairs3_9=078C
stone stairs=$item_stone_stairs3_10=078D
stone stairs=$item_stone_stairs3_11=078E
stone stairs=$item_stone_stairs3_12=078F
stone stairs=$item_stone_stairs3_13=0790
stone stairs=$item_stone_stairs3_14=0791
stone stairs=$item_stone_stairs3_15=0792
stone stairs=$item_stone_stairs3_16=0793
stone stairs=$item_stone_stairs3_17=0794
stone stairs=$item_stone_stairs3_18=0795
stone stairs=$item_stone_stairs3_19=0796
stone stairs=$item_stone_stairs3_20=0797
stone stairs=$item_stone_stairs3_21=0798
stone stairs=$item_stone_stairs3_22=0799
stone stairs=$item_stone_stairs3_23=079A
stone stairs=$item_stone_stairs3_24=079B
stone stairs=$item_stone_stairs3_25=079C
}
Stone 4
{
stone stairs=$item_stone_stairs3_1=07A3
stone stairs=$item_stone_stairs3_2=07A4
stone stairs=$item_stone_stairs3_3=07A5
stone stairs=$item_stone_stairs3_4=07A6
stone stairs=$item_stone_stairs3_5=07A7
stone stairs=$item_stone_stairs3_6=07A8
stone stairs=$item_stone_stairs3_7=07A9
stone stairs=$item_stone_stairs3_8=07AA
stone stairs=$item_stone_stairs3_9=07AB
stone stairs=$item_stone_stairs3_10=07AC
stone stairs=$item_stone_stairs3_11=07AD
stone stairs=$item_stone_stairs3_12=07AE
stone stairs=$item_stone_stairs3_13=07AF
}
Wooden
{
wooden stairs=$item_wooden_stairs_1=0720
wooden stairs=$item_wooden_stairs_2=0721
wooden stairs=$item_wooden_stairs_3=0722
wooden stairs=$item_wooden_stairs_4=0723
wooden stairs=$item_wooden_stairs_5=0724
wooden stairs=$item_wooden_stairs_6=0725
wooden stairs=$item_wooden_stairs_7=0726
wooden stairs=$item_wooden_stairs_8=0727
wooden stairs=$item_wooden_stairs_9=0728
wooden stairs=$item_wooden_stairs_10=0729
wooden stairs=$item_wooden_stairs_11=072A
wooden stairs=$item_wooden_stairs_12=072B
wooden stairs=$item_wooden_stairs_13=072C
wooden stairs=$item_wooden_stairs_14=072D
wooden stairs=$item_wooden_stairs_15=072E
wooden stairs=$item_wooden_stairs_16=072F
wooden stairs=$item_wooden_stairs_17=0730
wooden stairs=$item_wooden_stairs_18=0731
wooden stairs=$item_wooden_stairs_19=0732
wooden stairs=$item_wooden_stairs_20=0733
wooden stairs=$item_wooden_stairs_21=0734
wooden stairs=$item_wooden_stairs_22=0735
}
Wooden 2
{
wooden stairs=$item_wooden_stairs2_1=0738
wooden stairs=$item_wooden_stairs2_2=0739
wooden stairs=$item_wooden_stairs2_3=073A
wooden stairs=$item_wooden_stairs2_4=073B
wooden stairs=$item_wooden_stairs2_5=073C
wooden stairs=$item_wooden_stairs2_6=073D
wooden stairs=$item_wooden_stairs2_7=073E
wooden stairs=$item_wooden_stairs2_8=073F
wooden stairs=$item_wooden_stairs2_9=0740
wooden stairs=$item_wooden_stairs2_10=0741
wooden stairs=$item_wooden_stairs2_11=0742
wooden stairs=$item_wooden_stairs2_12=0743
wooden stairs=$item_wooden_stairs2_13=0744
wooden stairs=$item_wooden_stairs2_14=0745
wooden stairs=$item_wooden_stairs2_15=0746
wooden stairs=$item_wooden_stairs2_16=0747
wooden stairs=$item_wooden_stairs2_17=0748
}
Sandstone 1
{
sandstone stairs=$item_sandstone_stairs1_1=03EF
sandstone stairs=$item_sandstone_stairs1_2=03F0
sandstone stairs=$item_sandstone_stairs1_3=03F1
sandstone stairs=$item_sandstone_stairs1_4=03F2
sandstone stairs=$item_sandstone_stairs1_5=03F3
sandstone stairs=$item_sandstone_stairs1_6=03F4
sandstone stairs=$item_sandstone_stairs1_7=03F5
sandstone stairs=$item_sandstone_stairs1_8=03F6
sandstone stairs=$item_sandstone_stairs1_9=03F7
sandstone stairs=$item_sandstone_stairs1_10=03F8
sandstone stairs=$item_sandstone_stairs1_11=03F9
sandstone stairs=$item_sandstone_stairs1_12=03FA
sandstone stairs=$item_sandstone_stairs1_13=03FB
sandstone stairs=$item_sandstone_stairs1_14=03FC
sandstone stairs=$item_sandstone_stairs1_15=03FD
sandstone stairs=$item_sandstone_stairs1_16=03FE
sandstone stairs=$item_sandstone_stairs1_17=03FF
sandstone stairs=$item_sandstone_stairs1_18=0400
sandstone stairs=$item_sandstone_stairs1_19=0401
sandstone stairs=$item_sandstone_stairs1_20=0402
}
Sandstone 2
{
sandstone stairs=$item_sandstone_stairs2_1=0769
sandstone stairs=$item_sandstone_stairs2_2=076A
sandstone stairs=$item_sandstone_stairs2_3=076B
sandstone stairs=$item_sandstone_stairs2_4=076C
sandstone stairs=$item_sandstone_stairs2_5=076D
sandstone stairs=$item_sandstone_stairs2_6=076E
sandstone stairs=$item_sandstone_stairs2_7=076F
sandstone stairs=$item_sandstone_stairs2_8=0770
sandstone stairs=$item_sandstone_stairs2_9=0771
sandstone stairs=$item_sandstone_stairs2_10=0772
sandstone stairs=$item_sandstone_stairs2_11=0773
sandstone stairs=$item_sandstone_stairs2_12=0774
sandstone stairs=$item_sandstone_stairs2_13=0775
sandstone stairs=$item_sandstone_stairs2_14=0776
sandstone stairs=$item_sandstone_stairs2_15=0777
sandstone stairs=$item_sandstone_stairs2_16=0778
sandstone stairs=$item_sandstone_stairs2_17=0779
sandstone stairs=$item_sandstone_stairs2_18=077A
sandstone stairs=$item_sandstone_stairs2_19=077B
sandstone stairs=$item_sandstone_stairs2_20=077C
sandstone stairs=$item_sandstone_stairs2_21=077D
sandstone stairs=$item_sandstone_stairs2_22=077E
sandstone stairs=$item_sandstone_stairs2_23=077F
sandstone stairs=$item_sandstone_stairs2_24=0780
sandstone stairs=$item_sandstone_stairs2_25=0781
}
Cave
{
cave stairs=$item_cave_stairs_1=079D
cave stairs=$item_cave_stairs_2=079E
cave stairs=$item_cave_stairs_3=079F
cave stairs=$item_cave_stairs_4=07B0
cave stairs=$item_cave_stairs_5=07B1
cave stairs=$item_cave_stairs_6=07B2
carpeted stairs=$item_carpeted_stairs_1=07BA
}
Carpeted
{
carpeted stairs=$item_carpeted_stairs_2=07BB
carpeted stairs=$item_carpeted_stairs_3=07BC
carpeted stairs=$item_carpeted_stairs_4=07C7
carpeted stairs=$item_carpeted_stairs_5=07C8
}