format=S

Sign posts
{
wooden signpost1=$item_wooden_signpost1_1=0b97
wooden signpost2=$item_wooden_signpost2_1=0b99
metal signpost1=$item_metal_signpost1_1=0b9b
metal signpost2=$item_metal_signpost2_1=0b9d
metal signpost3=$item_metal_signpost3_1=0b9f
metal signpost4=$item_metal_signpost4_1=0ba1
}
Special Signs
{
wooden sign=$item_wooden_sign1_1=0bcf
brass sign=$item_brass_sign1_1=0bd1
sign=$item_sign1_1=1f28
post=item_post=1296 
road sign=$item_road_sign1_1=1297
magic sign1=$item_road_sign_magical1=163d
magic sign2=$item_road_sign_magical2=163e
magic sign3=$item_road_sign_magical3=163f
magic sign4=$item_road_sign_magical4=1641
magic sign5=$item_road_sign_magical5=1642
magic sign6=$item_road_sign_magical6=1643
}

Profession Signs
{
library=$item_library1_1=0b95
Bank=$item_Bank1_1=0c0b
Beekeeper=$item_Beekeeper1_1=0c43
Theatre=$item_Theatre1_1=0c0d
Bakery=$item_Bakery1_1=0ba3
Tailor=$item_Tailor1_1=0ba5
Tinker=$item_Tinker1_1=0ba7
Butcher=$item_Butcher1_1=0ba9
Healer=$item_Healer1_1=0bab
Mage=$item_Mage1_1=0bad
Woodworker=$item_Woodworker1_1=0baf
Customs=$item_Customs1_1=0bb1
Inn=$item_Inn1_1=0bb3
Shipwright=$item_Shipwright1_1=0bb5
Stables=$item_Stables1_1=0bb7
Barber=$item_Barber1_1=0bb9
Bard=$item_Bard1_1=0bbb
Fletcher=$item_Fletcher1_1=0bbd
Armorer=$item_Armorer1_1=0bbf
Jeweler=$item_Jeweler1_1=0bc1
Tavern=$item_Tavern1_1=0bc3
Reagents=$item_Reagents1_1=0bc5
Blacksmith=$item_Blacksmith1_1=0bc7
Painter=$item_Painter1_1=0bc9
Provisioner=$item_Provisioner1_1=0bcb
Bowyer=$item_Bowyer1_1=0bcd
}
Guild Signs
{
guild Armaments=$item_guild_Armaments1_1=0bd3
guild Armorer=$item_guild_Armorer1_1=0bd5
guild Blacksmith=$item_guild_Blacksmith1_1=0bd7
guild Weapons=$item_guild_Weapons1_1=0bd9
guild Bardic=$item_guild_Bardic1_1=0bdb
guild Barter=$item_guild_Barter1_1=0bdd
guild Provisioner=$item_guild_Provisioner1_1=0bdf
guild Trader=$item_guild_Trader1_1=0be1
guild Cook=$item_guild_Cook1_1=0be3
guild Healer=$item_guild_Healer1_1=0be5
guild Mage=$item_guild_Mage1_1=0be7
guild Sorcerer=$item_guild_Sorcerer1_1=0be9
guild Illusionist=$item_guild_Illusionist1_1=0beb
guild Miner=$item_guild_Miner1_1=0bed
guild Archer=$item_guild_Archer1_1=0bef
guild Seaman=$item_guild_Seaman1_1=0bf1
guild Fisher=$item_guild_Fisher1_1=0bf3
guild Sailor=$item_guild_Sailor1_1=0bf5
guild Shipwright=$item_guild_Shipwright1_1=0bf7
guild Tailor=$item_guild_Tailor1_1=0bf9
guild Thief=$item_guild_Thief1_1=0bfb
guild Rogue=$item_guild_Rogue1_1=0bfd
guild Assassin=$item_guild_Assassin1_1=0bff
guild Tinker=$item_guild_Tinker1_1=0c01
guild Warrior=$item_guild_Warrior1_1=0c03
guild Cavalry=$item_guild_Cavalry1_1=0c05
guild Fighter=$item_guild_Fighter1_1=0c07
guild Merchant=$item_guild_Merchant1_1=0c09
}
Banner
{
banner1A=$item_banner1A_1=1586
banner1B=$item_banner1B_1=1587
banner1C=$item_banner1C_1=1588
banner2A=$item_banner2A_1=1589
banner2B=$item_banner2B_1=158a
banner2C=$item_banner2C_1=158b
banner3A=$item_banner3A_1=158c
banner3B=$item_banner3B_1=158d
banner3C=$item_banner3C_1=158e
hanger banner=$item_hanger_ibanner1_1=158f
banner4A=$item_banner4A_1=1590
banner4B=$item_banner4B_1=1591
banner5A=$item_banner5A_1=1592
banner5B=$item_banner5B_1=1593
banner6A=$item_banner6A_1=1594
banner6B=$item_banner6B_1=1595
banner6C=$item_banner6C_1=1596
banner7A=$item_banner7A_1=1598
banner7B=$item_banner7B_1=159b
banner7C=$item_banner7C_1=159c
banner8A=$item_banner8A_1=1599
banner8B=$item_banner8B_1=159a
banner8C=$item_banner8C_1=159d
banner9A=$item_banner9A_1=15a0
banner9B=$item_banner9B_1=15a1
banner10A=$item_banner10A_1=15a2
banner10B=$item_banner10B_1=15a3
banner11A=$item_banner11A_1=15a4
banner11B=$item_banner11B_1=15a5
banner12A=$item_banner12A_1=15a6
banner12B=$item_banner12B_1=15a7
banner13A=$item_banner13A_1=15a8
banner13B=$item_banner13B_1=15a9
banner14A=$item_banner14A_1=15aa
banner14B=$item_banner14B_1=15ab
banner15A=$item_banner15A_1=15ac
banner15B=$item_banner15B_1=15ad
banner16=$item_banner16_1=15ae
banner17=$item_banner17_1=15b0
banner18=$item_banner18_1=15b2
banner19=$item_banner19_1=15b4
banner20=$item_banner20_1=15b6
banner21=$item_banner21_1=15b8
banner22=$item_banner22_1=15ba
banner23=$item_banner23_1=15bc
banner24=$item_banner24_1=15be
banner25=$item_banner25_1=15c0
banner26=$item_banner26_1=15c2
banner27=$item_banner27_1=15c4
banner28=$item_banner28_1=15c6
banner29=$item_banner29_1=15c8
banner30=$item_banner30_1=15ca
banner31=$item_banner31_1=15cc
banner32=$item_banner32_1=15ce
banner33=$item_banner33_1=15d0
banner34=$item_banner34_1=15d2
banner35=$item_banner35_1=15d4
banner36=$item_banner36_1=15d6
banner37=$item_banner37_1=15d8
banner38=$item_banner38_1=15da
banner39=$item_banner39_1=15dc
banner40=$item_banner40_1=15de
banner41=$item_banner41_1=15e0
banner42=$item_banner42_1=15e2
banner43=$item_banner43_1=15e4
banner44=$item_banner44_1=15e6
banner45=$item_banner45_1=15e8
banner46=$item_banner46_1=15ea
banner47=$item_banner47_1=15ec
banner48=$item_banner48_1=15ee
banner49=$item_banner49_1=15f0
banner50=$item_banner50_1=15f2
banner51=$item_banner51_1=15f4
}