format=S

Palisade
{
palisade wall=$item_palisade_wall_20=0421
palisade wall=$item_palisade_wall_21=0422
palisade wall=$item_palisade_wall_22=0423
palisade wall=$item_palisade_wall_23=0424
palisade wall=$item_palisade_wall_24=0425
palisade wall=$item_palisade_wall_25=0430
palisade wall=$item_palisade_wall_26=0431
}
Brick
{
brick wall=$item_brick_wall1_1=0033
brick wall=$item_brick_wall1_2=0034
brick wall=$item_brick_wall1_3=0035
brick wall=$item_brick_wall1_4=0036
brick wall=$item_brick_wall1_5=0037
brick wall=$item_brick_wall1_6=0038
brick wall=$item_brick_wall1_7=0039
brick wall=$item_brick_wall1_8=003A
brick wall=$item_brick_wall1_9=003B
brick wall=$item_brick_wall1_10=003C
brick wall=$item_brick_wall1_11=003D
brick wall=$item_brick_wall1_12=003E
brick wall=$item_brick_wall1_13=003F
brick wall=$item_brick_wall1_14=0040
brick wall=$item_brick_wall1_15=0041
brick wall=$item_brick_wall1_16=0042
brick wall=$item_brick_wall1_17=0043
brick wall=$item_brick_wall1_18=0044
brick wall=$item_brick_wall1_19=0045
brick wall=$item_brick_wall1_20=0046
brick wall=$item_brick_wall1_21=0047
brick wall=$item_brick_wall1_22=0048
brick wall=$item_brick_wall1_23=0049
brick wall=$item_brick_wall1_24=004A
brick wall=$item_brick_wall1_25=004B
brick wall=$item_brick_wall1_26=004C
brick wall=$item_brick_wall1_27=004D
brick wall=$item_brick_wall1_28=004E
brick wall=$item_brick_wall1_29=004F
brick wall=$item_brick_wall1_30=0050
brick wall=$item_brick_wall1_31=0051
brick wall=$item_brick_wall1_32=0052
brick wall=$item_brick_wall1_33=0053
brick wall=$item_brick_wall1_34=0054
brick wall=$item_brick_wall1_35=0055
brick wall=$item_brick_wall1_36=0056
}
Stone 1
{
stone wall=$item_stone_wall1_1= 001A
stone wall=$item_stone_wall1_2=001B
stone wall=$item_stone_wall1_3=001C
stone wall=$item_stone_wall1_4=001D
stone wall=$item_stone_wall1_5=001E
stone wall=$item_stone_wall1_6=001F
stone wall=$item_stone_wall1_7=0020
stone wall=$item_stone_wall1_8=0021
stone wall=$item_stone_wall1_9=0022
stone wall=$item_stone_wall1_10=0023
stone wall=$item_stone_wall1_11=0024
stone wall=$item_stone_wall1_12=0025
stone wall=$item_stone_wall1_13=0026
stone wall=$item_stone_wall1_14=0027
stone wall=$item_stone_wall1_15=0028
stone wall=$item_stone_wall1_16=0029
stone wall=$item_stone_wall1_17=002A
stone wall=$item_stone_wall1_18=002B
stone wall=$item_stone_wall1_19=002C
stone wall=$item_stone_wall1_20=002D
stone wall=$item_stone_wall1_21=002E
stone wall=$item_stone_wall1_22=002F
stone wall=$item_stone_wall1_23=0030
stone wall=$item_stone_wall1_24=0031
stone wall=$item_stone_wall1_25=0032
}
Stone 2
{
stone wall=$item_stone_wall2_1=0057
stone wall=$item_stone_wall2_2=0058
stone wall=$item_stone_wall2_3=0059
stone wall=$item_stone_wall2_4=005A
stone wall=$item_stone_wall2_5=005B
stone wall=$item_stone_wall2_6=005C
stone wall=$item_stone_wall2_7=005D
stone wall=$item_stone_wall2_8=005E
stone wall=$item_stone_wall2_9=005F
stone wall=$item_stone_wall2_10=0060
stone wall=$item_stone_wall2_11=0061
stone wall=$item_stone_wall2_12=0062
stone wall=$item_stone_wall2_13=0063
stone wall=$item_stone_wall2_14=0064
stone wall=$item_stone_wall2_15=0065
stone wall=$item_stone_wall2_16=0066
stone wall=$item_stone_wall2_17=0067
stone wall=$item_stone_wall2_18=0068
stone wall=$item_stone_wall2_19=0069
stone wall=$item_stone_wall2_20=006A
stone wall=$item_stone_wall2_21=006B
stone wall=$item_stone_wall2_22=006C
stone wall=$item_stone_wall2_23=006D
stone wall=$item_stone_wall2_24=006E
stone wall=$item_stone_wall2_25=006F
stone wall=$item_stone_wall2_26=0070
stone wall=$item_stone_wall2_27=0071
stone wall=$item_stone_wall2_28=0072
stone wall=$item_stone_wall2_29=0073
stone wall=$item_stone_wall2_30=0074
stone wall=$item_stone_wall2_31=0075
stone wall=$item_stone_wall2_32=0076
stone wall=$item_stone_wall2_33=0077
stone wall=$item_stone_wall2_34=0078
stone wall=$item_stone_wall2_35=0079
}
Stone 3
{
stone wall=$item_stone_wall3_1=007A
stone wall=$item_stone_wall3_2=007B
stone wall=$item_stone_wall3_3=007C
stone wall=$item_stone_wall3_4=007D
stone wall=$item_stone_wall3_5=007E
stone wall=$item_stone_wall3_6=007F
stone wall=$item_stone_wall3_7=0080
stone wall=$item_stone_wall3_8=0081
stone wall=$item_stone_wall3_9=0082
stone wall=$item_stone_wall3_10=0083
stone wall=$item_stone_wall3_11=0084
stone wall=$item_stone_wall3_12=0085
stone wall=$item_stone_wall3_13=0086
stone wall=$item_stone_wall3_14=0087
stone wall=$item_stone_wall3_15=0088
stone wall=$item_stone_wall3_16=0089
stone wall=$item_stone_wall3_17=008A
stone wall=$item_stone_wall3_18=008B
stone wall=$item_stone_wall3_19=008C
stone wall=$item_stone_wall3_20=008D
stone wall=$item_stone_wall3_21=008E
stone wall=$item_stone_wall3_22=008F
}
Stone 4
{
stone wall=$item_stone_wall4_1=00C5
stone wall=$item_stone_wall4_2=00C6
stone wall=$item_stone_wall4_3=00C7
stone wall=$item_stone_wall4_4=00C8
stone wall=$item_stone_wall4_5=00C9
stone wall=$item_stone_wall4_6=00CA
stone wall=$item_stone_wall4_7=00CB
stone wall=$item_stone_wall4_8=00CC
stone wall=$item_stone_wall4_9=00CD
stone wall=$item_stone_wall4_10=00CE
stone wall=$item_stone_wall4_11=00CF
stone wall=$item_stone_wall4_12=00D0
stone wall=$item_stone_wall4_13=00D1
stone wall=$item_stone_wall4_14=00D2
stone wall=$item_stone_wall4_15=00D3
stone wall=$item_stone_wall4_16=00D4
stone wall=$item_stone_wall4_17=00D5
stone wall=$item_stone_wall4_18=00D6
stone wall=$item_stone_wall4_19=00D7
stone wall=$item_stone_wall4_20=00D8
stone wall=$item_stone_wall4_21=00D9
stone wall=$item_stone_wall4_22=00DA
stone wall=$item_stone_wall4_23=00DB
stone wall=$item_stone_wall4_24=00DC
stone wall=$item_stone_wall4_25=00DD
stone wall=$item_stone_wall4_26=00DE
stone wall=$item_stone_wall4_27=00DF
stone wall=$item_stone_wall4_28=00E0
stone wall=$item_stone_wall4_29=00E1
stone wall=$item_stone_wall4_30=00E2
stone wall=$item_stone_wall4_31=00E3
stone wall=$item_stone_wall4_32=00E4
stone wall=$item_stone_wall4_33=00E5
stone wall=$item_stone_wall4_34=00E6
stone wall=$item_stone_wall4_35=00E7
stone wall=$item_stone_wall4_36=00E8
stone wall=$item_stone_wall4_37=00E9
stone wall=$item_stone_wall4_38=00EA
stone wall=$item_stone_wall4_39=00EB
stone wall=$item_stone_wall4_40=00EC
stone wall=$item_stone_wall4_41=00ED
stone wall=$item_stone_wall4_42=00EE
stone wall=$item_stone_wall4_43=00EF
stone wall=$item_stone_wall4_44=00F0
stone wall=$item_stone_wall4_45=00F1
stone wall=$item_stone_wall4_46=00F2
stone wall=$item_stone_wall4_47=00F3
stone wall=$item_stone_wall4_48=00F4
stone wall=$item_stone_wall4_49=00F5
stone wall=$item_stone_wall4_50=00F6
stone wall=$item_stone_wall4_51=00F7
stone wall=$item_stone_wall4_52=02C7
stone wall=$item_stone_wall4_53=02C8
stone wall=$item_stone_wall4_54=02C9
stone wall=$item_stone_wall4_55=02CA
stone wall=$item_stone_wall4_56=02CB
stone wall=$item_stone_wall4_57=02CC
stone wall=$item_stone_wall4_58=02CD
stone wall=$item_stone_wall4_59=02CE
stone wall=$item_stone_wall4_60=02CF
stone wall=$item_stone_wall4_61=02D0
stone wall=$item_stone_wall4_62=02D1
stone wall=$item_stone_wall4_63=02D2
stone wall=$item_stone_wall4_64=02D3
stone wall=$item_stone_wall4_65=02D4
stone wall=$item_stone_wall4_66=02D5
stone wall=$item_stone_wall4_67=02D6
stone wall=$item_stone_wall4_68=02D7
stone wall=$item_stone_wall4_69=02D8
stone wall=$item_stone_wall4_70=02D9
}
Stone 5
{
stone wall=$item_stone_wall5_1=01CF
stone wall=$item_stone_wall5_2=01D0
stone wall=$item_stone_wall5_3=01D1
stone wall=$item_stone_wall5_4=01D2
stone wall=$item_stone_wall5_5=01D3
stone wall=$item_stone_wall5_6=01D4
stone wall=$item_stone_wall5_7=01D5
stone wall=$item_stone_wall5_8=01D6
stone wall=$item_stone_wall5_9=01D7
stone wall=$item_stone_wall5_10=01D8
stone wall=$item_stone_wall5_11=01D9
stone wall=$item_stone_wall5_12=01DA
stone wall=$item_stone_wall5_13=01DB
stone wall=$item_stone_wall5_14=01DC
stone wall=$item_stone_wall5_15=01DD
stone wall=$item_stone_wall5_16=01DE
stone wall=$item_stone_wall5_17=01DF
stone wall=$item_stone_wall5_18=01E0
stone wall=$item_stone_wall5_19=01E1
stone wall=$item_stone_wall5_20=01E2
stone wall=$item_stone_wall5_21=01E3
stone wall=$item_stone_wall5_22=01E4
stone wall=$item_stone_wall5_23=01E5
stone wall=$item_stone_wall5_24=01E6
stone wall=$item_stone_wall5_25=01E7
stone wall=$item_stone_wall5_26=01E8
stone wall=$item_stone_wall5_27=01E9
stone wall=$item_stone_wall5_28=01EA
stone wall=$item_stone_wall5_29=01EB
}
Stone 6
{
stone wall=$item_stone_wall6_1=03CB
stone wall=$item_stone_wall6_2=03CC
stone wall=$item_stone_wall6_3=03CD
stone wall=$item_stone_wall6_4=03CE
stone wall=$item_stone_wall6_5=03CF
stone wall=$item_stone_wall6_6=03D0
stone wall=$item_stone_wall6_7=03D1
stone wall=$item_stone_wall6_8=03D2
stone wall=$item_stone_wall6_9=03D3
stone wall=$item_stone_wall6_10=03D4
stone wall=$item_stone_wall6_11=03D5
stone wall=$item_stone_wall6_12=03D6
stone wall=$item_stone_wall6_13=03D7
stone wall=$item_stone_wall6_14=03D8
stone wall=$item_stone_wall6_15=03D9
stone wall=$item_stone_wall6_16=03DA
stone wall=$item_stone_wall6_17=03DB
stone wall=$item_stone_wall6_18=03DC
stone wall=$item_stone_wall6_19=03DD
stone wall=$item_stone_wall6_20=03DE
stone wall=$item_stone_wall6_21=03DF
stone wall=$item_stone_wall6_22=03E0
stone wall=$item_stone_wall6_23=03E1
stone wall=$item_stone_wall6_24=03E2
}
Log
{
log wall=$item_log_wall1_1=0090
log wall=$item_log_wall1_2=0091
log wall=$item_log_wall1_3=0092
log wall=$item_log_wall1_4=0093
log wall=$item_log_wall1_5=0094
log wall=$item_log_wall1_6=0095
log wall=$item_log_wall1_7=0096
log wall=$item_log_wall1_8=0097
log wall=$item_log_wall1_9=0098
log wall=$item_log_wall1_10=0099
log wall=$item_log_wall1_11=009A
log wall=$item_log_wall1_12=009B
log wall=$item_log_wall1_13=009C
log wall=$item_log_wall1_14=009D
log wall=$item_log_wall1_15=009E
log wall=$item_log_wall1_16=009F
log wall=$item_log_wall1_17=00A0
log wall=$item_log_wall1_18=00A1
log wall=$item_log_wall1_19=00A2
log wall=$item_log_wall1_20=00A3
log wall=$item_log_wall1_21=00A4
log wall=$item_log_wall1_22=00A5
}
Wood 1
{
wooden wall=$item_wooden_wall1_1= 0006
wooden wall=$item_wooden_wall1_2= 0007
wooden wall=$item_wooden_wall1_3= 0008
wooden wall=$item_wooden_wall1_4= 0009
wooden wall=$item_wooden_wall1_5= 000A
wooden wall=$item_wooden_wall1_6= 000B
wooden wall=$item_wooden_wall1_7= 000C
wooden wall=$item_wooden_wall1_8= 000D
wooden wall=$item_wooden_wall1_9= 000E
wooden wall=$item_wooden_wall1_10= 000F
wooden wall=$item_wooden_wall1_11= 0010
wooden wall=$item_wooden_wall1_12= 0011
wooden wall=$item_wooden_wall1_13= 0012
wooden wall=$item_wooden_wall1_14= 0013
wooden wall=$item_wooden_wall1_15= 0014
wooden wall=$item_wooden_wall1_16= 0015
wooden wall=$item_wooden_wall1_17= 0016
wooden wall=$item_wooden_wall1_18= 0017
wooden wall=$item_wooden_wall1_19= 0018
wooden wall=$item_wooden_wall1_20= 0019
}
Wood 2
{
wooden wall=$item_wooden_wall2_1=00A6
wooden wall=$item_wooden_wall2_2=00A7
wooden wall=$item_wooden_wall2_3=00A8
wooden wall=$item_wooden_wall2_4=00A9
wooden wall=$item_wooden_wall2_5=00AA
wooden wall=$item_wooden_wall2_6=00AB
wooden wall=$item_wooden_wall2_7=00AC
wooden wall=$item_wooden_wall2_8=00AD
wooden wall=$item_wooden_wall2_9=00AE
wooden wall=$item_wooden_wall2_10=00AF
wooden wall=$item_wooden_wall2_11=00B0
wooden wall=$item_wooden_wall2_12=00B1
wooden wall=$item_wooden_wall2_13=00B2
wooden wall=$item_wooden_wall2_14=00B3
wooden wall=$item_wooden_wall2_15=00B4
wooden wall=$item_wooden_wall2_16=00B5
wooden wall=$item_wooden_wall2_17=00B6
wooden wall=$item_wooden_wall2_18=00B7
wooden wall=$item_wooden_wall2_19=00B8
wooden wall=$item_wooden_wall2_20=00B9
wooden wall=$item_wooden_wall2_21=00BA
wooden wall=$item_wooden_wall2_22=00BB
wooden wall=$item_wooden_wall2_23=00BC
wooden wall=$item_wooden_wall2_24=00BD
wooden wall=$item_wooden_wall2_25=00BE
wooden wall=$item_wooden_wall2_26=00BF
wooden wall=$item_wooden_wall2_27=00C0
wooden wall=$item_wooden_wall2_28=00C1
wooden wall=$item_wooden_wall2_29=00C2
}
Marble 1
{
marble wall=$item_marble_wall1_1=00F8
marble wall=$item_marble_wall1_2=00F9
marble wall=$item_marble_wall1_3=00FA
marble wall=$item_marble_wall1_4=00FB
marble wall=$item_marble_wall1_5=00FC
marble wall=$item_marble_wall1_6=00FD
marble wall=$item_marble_wall1_7=00FE
marble wall=$item_marble_wall1_8=00FF
marble wall=$item_marble_wall1_9=0100
marble wall=$item_marble_wall1_10=0101
marble wall=$item_marble_wall1_11=0102
marble wall=$item_marble_wall1_12=0103
marble wall=$item_marble_wall1_13=0104
marble wall=$item_marble_wall1_14=0105
marble wall=$item_marble_wall1_15=0106
marble wall=$item_marble_wall1_16=0107
marble wall=$item_marble_wall1_17=0108
marble wall=$item_marble_wall1_18=0109
marble wall=$item_marble_wall1_19=010A
marble wall=$item_marble_wall1_20=010B
marble wall=$item_marble_wall1_21=010C
marble wall=$item_marble_wall1_22=010D
marble wall=$item_marble_wall1_23=010E
marble wall=$item_marble_wall1_24=010F
marble wall=$item_marble_wall1_25=0110
marble wall=$item_marble_wall1_26=0111
marble wall=$item_marble_wall1_27=0112
marble wall=$item_marble_wall1_28=0113
marble wall=$item_marble_wall1_29=0114
marble wall=$item_marble_wall1_30=0115
marble wall=$item_marble_wall1_31=0116
marble wall=$item_marble_wall1_32=0117
marble wall=$item_marble_wall1_33=0118
marble wall=$item_marble_wall1_34=0119
marble wall=$item_marble_wall1_35=011A
marble wall=$item_marble_wall1_36=011B
marble wall=$item_marble_wall1_37=011C
marble wall=$item_marble_wall1_38=011D
marble wall=$item_marble_wall1_39=011E
marble wall=$item_marble_wall1_40=011F
marble wall=$item_marble_wall1_41=0120
marble wall=$item_marble_wall1_42=0121
marble wall=$item_marble_wall1_43=0122
marble wall=$item_marble_wall1_44=0123
marble wall=$item_marble_wall1_45=0124
marble wall=$item_marble_wall1_46=0125
marble wall=$item_marble_wall1_47=0126
}
Marble 2
{
marble wall=$item_marble_wall2_1=0291
marble wall=$item_marble_wall2_2=0292
marble wall=$item_marble_wall2_3=0293
marble wall=$item_marble_wall2_4=0294
marble wall=$item_marble_wall2_5=0295
marble wall=$item_marble_wall2_6=0296
marble wall=$item_marble_wall2_7=0297
marble wall=$item_marble_wall2_8=0298
marble wall=$item_marble_wall2_9=0299
marble wall=$item_marble_wall2_10=029A
marble wall=$item_marble_wall2_11=029B
marble wall=$item_marble_wall2_12=029C
marble wall=$item_marble_wall2_13=029D
marble wall=$item_marble_wall2_14=029E
marble wall=$item_marble_wall2_15=029F
marble wall=$item_marble_wall2_16=02A0
marble wall=$item_marble_wall2_17=02A1
marble wall=$item_marble_wall2_18=02A2
marble wall=$item_marble_wall2_19=02A3
marble wall=$item_marble_wall2_20=02A4
marble wall=$item_marble_wall2_21=02A5
marble wall=$item_marble_wall2_22=02A6
marble wall=$item_marble_wall2_23=02A7
marble wall=$item_marble_wall2_24=02A8
marble wall=$item_marble_wall2_25=02A9
marble wall=$item_marble_wall2_26=02AA
marble wall=$item_marble_wall2_27=02AB
marble wall=$item_marble_wall2_28=02AC
marble wall=$item_marble_wall2_29=02AD
marble wall=$item_marble_wall2_30=02AE
marble wall=$item_marble_wall2_31=02B0
marble wall=$item_marble_wall2_32=02B1
marble wall=$item_marble_wall2_33=02B2
marble wall=$item_marble_wall2_34=02B3
marble wall=$item_marble_wall2_35=02B4
marble wall=$item_marble_wall2_36=02B5
marble wall=$item_marble_wall2_37=02B6
marble wall=$item_marble_wall2_38=02B7
marble wall=$item_marble_wall2_39=02B8
marble wall=$item_marble_wall2_40=02B9
marble wall=$item_marble_wall2_41=02BA
marble wall=$item_marble_wall2_42=02BB
marble wall=$item_marble_wall2_43=02BC
marble wall=$item_marble_wall2_44=02BD
marble wall=$item_marble_wall2_45=02BE
marble wall=$item_marble_wall2_46=02BF
marble wall=$item_marble_wall2_47=02C0
}
Sandstone
{
sandstone wall=$item_sandstone_wall1_1=0158
sandstone wall=$item_sandstone_wall1_2=0159
sandstone wall=$item_sandstone_wall1_3=015A
sandstone wall=$item_sandstone_wall1_4=015B
sandstone wall=$item_sandstone_wall1_5=015C
sandstone wall=$item_sandstone_wall1_6=015D
sandstone wall=$item_sandstone_wall1_7=015E
sandstone wall=$item_sandstone_wall1_8=015F
sandstone wall=$item_sandstone_wall1_9=0160
sandstone wall=$item_sandstone_wall1_10=0161
sandstone wall=$item_sandstone_wall1_11=0162
sandstone wall=$item_sandstone_wall1_12=0163
sandstone wall=$item_sandstone_wall1_13=0164
sandstone wall=$item_sandstone_wall1_14=0165
sandstone wall=$item_sandstone_wall1_15=0166
sandstone wall=$item_sandstone_wall1_16=0167
sandstone wall=$item_sandstone_wall1_17=0168
sandstone wall=$item_sandstone_wall1_18=0169
sandstone wall=$item_sandstone_wall1_19=016A
sandstone wall=$item_sandstone_wall1_20=016B
sandstone wall=$item_sandstone_wall1_21=016C
sandstone wall=$item_sandstone_wall1_22=016D
sandstone wall=$item_sandstone_wall1_23=016E
sandstone wall=$item_sandstone_wall1_24=016F
sandstone wall=$item_sandstone_wall1_25=0170
sandstone wall=$item_sandstone_wall1_26=0171
sandstone wall=$item_sandstone_wall1_27=0172
sandstone wall=$item_sandstone_wall1_28=0173
sandstone wall=$item_sandstone_wall1_29=0174
sandstone wall=$item_sandstone_wall1_30=0175
sandstone wall=$item_sandstone_wall1_31=0176
sandstone wall=$item_sandstone_wall1_32=0177
sandstone wall=$item_sandstone_wall1_33=0178
sandstone wall=$item_sandstone_wall1_34=0179
sandstone wall=$item_sandstone_wall1_35=017A
sandstone wall=$item_sandstone_wall1_36=017B
sandstone wall=$item_sandstone_wall1_37=017C
sandstone wall=$item_sandstone_wall1_38=017D
sandstone wall=$item_sandstone_wall1_39=017E
sandstone wall=$item_sandstone_wall1_40=017F
sandstone wall=$item_sandstone_wall1_41=0180
sandstone wall=$item_sandstone_wall1_42=0181
sandstone wall=$item_sandstone_wall1_43=0182
sandstone wall=$item_sandstone_wall1_44=0183
sandstone wall=$item_sandstone_wall1_45=0184
sandstone wall=$item_sandstone_wall1_46=0185
sandstone wall=$item_sandstone_wall1_47=0186
sandstone wall=$item_sandstone_wall1_48=0187
sandstone wall=$item_sandstone_wall1_49=0188
sandstone wall=$item_sandstone_wall1_50=0189
sandstone wall=$item_sandstone_wall1_51=018A
sandstone wall=$item_sandstone_wall1_52=018B
sandstone wall=$item_sandstone_wall1_53=018C
sandstone wall=$item_sandstone_wall1_54=018D
sandstone wall=$item_sandstone_wall1_55=018E
sandstone wall=$item_sandstone_wall1_56=018F
sandstone wall=$item_sandstone_wall1_57=0190
sandstone wall=$item_sandstone_wall1_58=0191
sandstone wall=$item_sandstone_wall1_59=0192
sandstone wall=$item_sandstone_wall1_60=0193
sandstone wall=$item_sandstone_wall1_61=0194
sandstone wall=$item_sandstone_wall1_62=0195
sandstone wall=$item_sandstone_wall1_63=0196
sandstone wall=$item_sandstone_wall1_64=0197
sandstone wall=$item_sandstone_wall1_65=0198
sandstone wall=$item_sandstone_wall1_66=0199
sandstone wall=$item_sandstone_wall1_67=019A
sandstone wall=$item_sandstone_wall1_68=01A4
sandstone wall=$item_sandstone_wall1_69=01B1
sandstone wall=$item_sandstone_wall1_70=01B2
sandstone wall=$item_sandstone_wall1_71=01B3
sandstone wall=$item_sandstone_wall1_72=01B4
sandstone wall=$item_sandstone_wall1_73=01CA
sandstone wall=$item_sandstone_wall1_74=01EC
sandstone wall=$item_sandstone_wall1_75=01ED
sandstone wall=$item_sandstone_wall1_76=01EE
sandstone wall=$item_sandstone_wall1_77=01EF
}
Sandstone 2
{
sandstone wall=$item_sandstone_wall2_1=024C
sandstone wall=$item_sandstone_wall2_2=024D
sandstone wall=$item_sandstone_wall2_3=024E
sandstone wall=$item_sandstone_wall2_4=024F
sandstone wall=$item_sandstone_wall2_5=0250
sandstone wall=$item_sandstone_wall2_6=0251
sandstone wall=$item_sandstone_wall2_7=0252
sandstone wall=$item_sandstone_wall2_8=0253
sandstone wall=$item_sandstone_wall2_9=0254
sandstone wall=$item_sandstone_wall2_10=0255
sandstone wall=$item_sandstone_wall2_11=0256
sandstone wall=$item_sandstone_wall2_12=0257
sandstone wall=$item_sandstone_wall2_13=0258
sandstone wall=$item_sandstone_wall2_14=0259
sandstone wall=$item_sandstone_wall2_15=025A
sandstone wall=$item_sandstone_wall2_16=025B
}
Wood Support
{
wooden support=$item_wooden_support_1=019B
wooden support=$item_wooden_support_2=019C
wooden support=$item_wooden_support_3=019D
wooden support=$item_wooden_support_4=019E
wooden support=$item_wooden_support_5=019F
wooden support=$item_wooden_support_6=01A0
wooden support=$item_wooden_support_7=01A1
wooden support=$item_wooden_support_8=01A2
wooden support=$item_wooden_support_9=01A3
}
Rattan
{
rattan wall=$item_rattan_wall1_1=01A5
rattan wall=$item_rattan_wall1_2=01A6
rattan wall=$item_rattan_wall1_3=01A7
rattan wall=$item_rattan_wall1_4=01A8
rattan wall=$item_rattan_wall1_5=01A9
rattan wall=$item_rattan_wall1_6=01AA
rattan wall=$item_rattan_wall1_7=01AB
rattan wall=$item_rattan_wall1_8=01AC
rattan wall=$item_rattan_wall1_9=01AD
rattan wall=$item_rattan_wall1_10=01AE
rattan wall=$item_rattan_wall1_11=01AF
rattan wall=$item_rattan_wall1_12=01B0
}
Hide
{
hide wall=$item_hide_wall1_1=01B5
hide wall=$item_hide_wall1_2=01B6
hide wall=$item_hide_wall1_3=01B7
hide wall=$item_hide_wall1_4=01B8
hide wall=$item_hide_wall1_5=01B9
hide wall=$item_hide_wall1_6=01BA
hide wall=$item_hide_wall1_7=01BB
hide wall=$item_hide_wall1_8=01BC
hide wall=$item_hide_wall1_9=01BD
hide wall=$item_hide_wall1_10=01BE
hide wall=$item_hide_wall1_11=01BF
hide wall=$item_hide_wall1_12=01C0
hide wall=$item_hide_wall1_13=01C1
hide wall=$item_hide_wall1_14=01C2
hide wall=$item_hide_wall1_15=01C3
hide wall=$item_hide_wall1_16=01C4
hide wall=$item_hide_wall1_17=01C5
hide wall=$item_hide_wall1_18=01C6
hide wall=$item_hide_wall1_19=01C7
hide wall=$item_hide_wall1_20=01C8
hide wall=$item_hide_wall1_21=01C9
}
Dock Pole
{
dock pole=$item_dock_pole_1=01CB
dock pole=$item_dock_pole_2=01CC
dock pole=$item_dock_pole_3=01CD
dock pole=$item_dock_pole_4=01CE
}
Tent Wall 1
{
tent wall=$item_tent_wall1_1=01F0
tent wall=$item_tent_wall1_2=01F1
tent wall=$item_tent_wall1_3=01F2
tent wall=$item_tent_wall1_4=01F3
tent wall=$item_tent_wall1_5=01F4
tent wall=$item_tent_wall1_6=01F5
tent wall=$item_tent_wall1_7=01F6
tent wall=$item_tent_wall1_8=01F7
tent wall=$item_tent_wall1_9=01F8
tent wall=$item_tent_wall1_10=01F9
}
Tent Wall 2
{
tent wall=$item_tent_wall2_1=0230
tent wall=$item_tent_wall2_2=0231
tent wall=$item_tent_wall2_3=0232
tent wall=$item_tent_wall2_4=0233
tent wall=$item_tent_wall2_5=0234
tent wall=$item_tent_wall2_6=0235
tent wall=$item_tent_wall2_7=0236
tent wall=$item_tent_wall2_8=0237
tent wall=$item_tent_wall2_9=0238
tent wall=$item_tent_wall2_10=0239
}
Tent Wall 3
{
tent wall=$item_tent_wall3_1=02DE
tent wall=$item_tent_wall3_2=02DF
tent wall=$item_tent_wall3_3=02E0
tent wall=$item_tent_wall3_4=02E1
tent wall=$item_tent_wall3_5=02E2
tent wall=$item_tent_wall3_6=02E3
tent wall=$item_tent_wall3_7=02E4
tent wall=$item_tent_wall3_8=02E5
tent wall=$item_tent_wall3_9=02E6
tent wall=$item_tent_wall3_10=02E7
tent wall=$item_tent_wall3_11=02E8
tent wall=$item_tent_wall3_12=02E9
tent wall=$item_tent_wall3_13=02EA
tent wall=$item_tent_wall3_14=02EB
tent wall=$item_tent_wall3_15=02EC
}
Plaster 1
{
plaster wall=$item_plaster_wall1_1=0127
plaster wall=$item_plaster_wall1_2=0128
plaster wall=$item_plaster_wall1_3=0129
plaster wall=$item_plaster_wall1_4=012A
plaster wall=$item_plaster_wall1_5=012B
plaster wall=$item_plaster_wall1_6=012C
plaster wall=$item_plaster_wall1_7=012D
plaster wall=$item_plaster_wall1_8=012E
plaster wall=$item_plaster_wall1_9=012F
plaster wall=$item_plaster_wall1_10=0130
plaster wall=$item_plaster_wall1_11=0131
plaster wall=$item_plaster_wall1_12=0132
plaster wall=$item_plaster_wall1_13=0133
plaster wall=$item_plaster_wall1_14=0134
plaster wall=$item_plaster_wall1_15=0135
plaster wall=$item_plaster_wall1_16=0136
plaster wall=$item_plaster_wall1_17=0137
plaster wall=$item_plaster_wall1_18=0138
plaster wall=$item_plaster_wall1_19=0139
plaster wall=$item_plaster_wall1_20=013A
plaster wall=$item_plaster_wall1_21=013B
plaster wall=$item_plaster_wall1_22=013C
plaster wall=$item_plaster_wall1_23=013D
plaster wall=$item_plaster_wall1_24=013E
plaster wall=$item_plaster_wall1_25=013F
plaster wall=$item_plaster_wall1_26=0140
plaster wall=$item_plaster_wall1_27=0149
plaster wall=$item_plaster_wall1_28=014A
plaster wall=$item_plaster_wall1_29=014B
plaster wall=$item_plaster_wall1_30=014C
plaster wall=$item_plaster_wall1_31=014D
plaster wall=$item_plaster_wall1_32=014E
plaster wall=$item_plaster_wall1_33=014F
plaster wall=$item_plaster_wall1_34=0150
plaster wall=$item_plaster_wall1_35=0151
plaster wall=$item_plaster_wall1_36=0152
plaster wall=$item_plaster_wall1_37=0153
plaster wall=$item_plaster_wall1_38=0154
plaster wall=$item_plaster_wall1_39=0155
plaster wall=$item_plaster_wall1_40=0156
plaster wall=$item_plaster_wall1_41=0157
}
Plaster 2
{
plaster wall=$item_plaster_wall2_1=01FF
plaster wall=$item_plaster_wall2_2=0200
plaster wall=$item_plaster_wall2_3=0201
plaster wall=$item_plaster_wall2_4=0202
plaster wall=$item_plaster_wall2_5=0203
plaster wall=$item_plaster_wall2_6=0204
plaster wall=$item_plaster_wall2_7=0205
plaster wall=$item_plaster_wall2_8=0206
plaster wall=$item_plaster_wall2_9=0207
plaster wall=$item_plaster_wall2_10=0208
plaster wall=$item_plaster_wall2_11=0209
plaster wall=$item_plaster_wall2_12=020A
plaster wall=$item_plaster_wall2_13=020B
plaster wall=$item_plaster_wall2_14=020C
}
Plaster 3
{
plaster wall=$item_plaster_wall3_1=037F
plaster wall=$item_plaster_wall3_2=0380
plaster wall=$item_plaster_wall3_3=0381
plaster wall=$item_plaster_wall3_4=0382
plaster wall=$item_plaster_wall3_5=0383
plaster wall=$item_plaster_wall3_6=0384
plaster wall=$item_plaster_wall3_7=0385
plaster wall=$item_plaster_wall3_8=0386
plaster wall=$item_plaster_wall3_9=0387
plaster wall=$item_plaster_wall3_10=0388
plaster wall=$item_plaster_wall3_11=0389
plaster wall=$item_plaster_wall3_12=038A
plaster wall=$item_plaster_wall3_13=038B
plaster wall=$item_plaster_wall3_14=038C
plaster wall=$item_plaster_wall3_15=038D
plaster wall=$item_plaster_wall3_16=038E
plaster wall=$item_plaster_wall3_17=038F
plaster wall=$item_plaster_wall3_18=0390
plaster wall=$item_plaster_wall3_19=0391
plaster wall=$item_plaster_wall3_20=0392
plaster wall=$item_plaster_wall3_21=0393
plaster wall=$item_plaster_wall3_22=0394
plaster wall=$item_plaster_wall3_23=0395
plaster wall=$item_plaster_wall3_24=0396
plaster wall=$item_plaster_wall3_25=0397
plaster wall=$item_plaster_wall3_26=0398
plaster wall=$item_plaster_wall3_27=0399
plaster wall=$item_plaster_wall3_28=039A
plaster wall=$item_plaster_wall3_29=039B
plaster wall=$item_plaster_wall3_30=039C
plaster wall=$item_plaster_wall3_31=039D
plaster wall=$item_plaster_wall3_32=039E
plaster wall=$item_plaster_wall3_33=039F
plaster wall=$item_plaster_wall3_34=03A0
}
Bamboo
{
bamboo wall=$item_bamboo_wall1_1=020F
bamboo wall=$item_bamboo_wall1_2=0210
bamboo wall=$item_bamboo_wall1_3=0211
bamboo wall=$item_bamboo_wall1_4=0212
bamboo wall=$item_bamboo_wall1_5=0213
bamboo wall=$item_bamboo_wall1_6=0214
bamboo wall=$item_bamboo_wall1_7=0215
bamboo wall=$item_bamboo_wall1_8=0216
bamboo wall=$item_bamboo_wall1_9=0217
bamboo wall=$item_bamboo_wall1_10=0218
bamboo wall=$item_bamboo_wall1_11=0219
bamboo wall=$item_bamboo_wall1_12=021A
}
Palisade
{
palisade wall=$item_palisade_wall_1=021D
palisade wall=$item_palisade_wall_2=021E
palisade wall=$item_palisade_wall_3=021F
palisade wall=$item_palisade_wall_4=0220
palisade wall=$item_palisade_wall_5=0221
palisade wall=$item_palisade_wall_6=0222
palisade wall=$item_palisade_wall_7=0223
palisade wall=$item_palisade_wall_8=0226
palisade wall=$item_palisade_wall_9=0227
palisade wall=$item_palisade_wall_10=0228
palisade wall=$item_palisade_wall_11=0229
palisade wall=$item_palisade_wall_12=022A
palisade wall=$item_palisade_wall_13=022B
palisade wall=$item_palisade_wall_14=022C
palisade wall=$item_palisade_wall_15=022D
palisade wall=$item_palisade_wall_16=022E
palisade wall=$item_palisade_wall_17=022F
}
Dungeon
{
dungeon wall=$item_dungeon_wall1_1=0241
dungeon wall=$item_dungeon_wall1_2=0242
dungeon wall=$item_dungeon_wall1_3=0243
dungeon wall=$item_dungeon_wall1_4=0244
dungeon wall=$item_dungeon_wall1_5=0245
dungeon wall=$item_dungeon_wall1_6=0246
dungeon wall=$item_dungeon_wall1_7=0247
dungeon wall=$item_dungeon_wall1_8=0248
dungeon wall=$item_dungeon_wall1_9=0249
dungeon wall=$item_dungeon_wall1_10=024A
}
Cave
{
cave wall=$item_cave_wall1_1=025C
cave wall=$item_cave_wall1_2=025D
cave wall=$item_cave_wall1_3=025E
cave wall=$item_cave_wall1_4=025F
cave wall=$item_cave_wall1_5=0260
cave wall=$item_cave_wall1_6=0261
cave wall=$item_cave_wall1_7=0262
cave wall=$item_cave_wall1_8=0263
cave wall=$item_cave_wall1_9=0264
cave wall=$item_cave_wall1_10=0265
cave wall=$item_cave_wall1_11=0266
cave wall=$item_cave_wall1_12=0267
cave wall=$item_cave_wall1_13=0268
cave wall=$item_cave_wall1_14=0269
cave wall=$item_cave_wall1_15=026A
cave wall=$item_cave_wall1_16=026B
cave wall=$item_cave_wall1_17=026C
cave wall=$item_cave_wall1_18=026D
cave wall=$item_cave_wall1_19=026E
cave wall=$item_cave_wall1_20=026F
cave wall=$item_cave_wall1_21=0270
cave wall=$item_cave_wall1_22=0271
cave wall=$item_cave_wall1_23=0272
cave wall=$item_cave_wall1_24=0273
cave wall=$item_cave_wall1_25=0274
cave wall=$item_cave_wall1_26=0275
cave wall=$item_cave_wall1_27=0276
cave wall=$item_cave_wall1_28=027D
cave wall=$item_cave_wall1_29=027E
cave wall=$item_cave_wall1_30=027F
cave wall=$item_cave_wall1_31=0280
}
Ruined
{
ruined wall=$item_ruined_wall1_1=0277
ruined wall=$item_ruined_wall1_2=0278
ruined wall=$item_ruined_wall1_3=0279
ruined wall=$item_ruined_wall1_4=027A
ruined wall=$item_ruined_wall1_5=027B
ruined wall=$item_ruined_wall1_6=027C
ruined wall=$item_ruined_wall1_7=0281
ruined wall=$item_ruined_wall1_8=0282
}